Archive member included to satisfy reference by file (symbol)

/opt/devkitpro/nflib/lib/libnflib.a(nf_2d.o)
                              main.o (NF_Set2D)
/opt/devkitpro/nflib/lib/libnflib.a(nf_basic.o)
                              /opt/devkitpro/nflib/lib/libnflib.a(nf_2d.o) (NF_Error)
/opt/devkitpro/nflib/lib/libnflib.a(nf_sprite256.o)
                              /opt/devkitpro/nflib/lib/libnflib.a(nf_2d.o) (NF_BUFFER_SPR256GFX)
/opt/devkitpro/nflib/lib/libnflib.a(nf_tiledbg.o)
                              main.o (NF_InitTiledBgBuffers)
/opt/devkitpro/libnds/lib/libfilesystem.a(nitrofs.o)
                              main.o (nitroFSInit)
/opt/devkitpro/libnds/lib/libfat.a(libfat.o)
                              /opt/devkitpro/libnds/lib/libfilesystem.a(nitrofs.o) (fatInitDefault)
/opt/devkitpro/libnds/lib/libfat.a(disc.o)
                              /opt/devkitpro/libnds/lib/libfat.a(libfat.o) (_FAT_disc_interfaces)
/opt/devkitpro/libnds/lib/libfat.a(fatfile.o)
                              /opt/devkitpro/libnds/lib/libfat.a(libfat.o) (_FAT_open_r)
/opt/devkitpro/libnds/lib/libfat.a(cache.o)
                              /opt/devkitpro/libnds/lib/libfat.a(fatfile.o) (_FAT_cache_readSectors)
/opt/devkitpro/libnds/lib/libfat.a(fatdir.o)
                              /opt/devkitpro/libnds/lib/libfat.a(libfat.o) (_FAT_stat_r)
/opt/devkitpro/libnds/lib/libfat.a(directory.o)
                              /opt/devkitpro/libnds/lib/libfat.a(fatfile.o) (_FAT_directory_entryGetCluster)
/opt/devkitpro/libnds/lib/libfat.a(partition.o)
                              /opt/devkitpro/libnds/lib/libfat.a(libfat.o) (_FAT_partition_destructor)
/opt/devkitpro/libnds/lib/libfat.a(lock.o)
                              /opt/devkitpro/libnds/lib/libfat.a(partition.o) (_FAT_lock_init)
/opt/devkitpro/libnds/lib/libfat.a(filetime.o)
                              /opt/devkitpro/libnds/lib/libfat.a(fatfile.o) (_FAT_filetime_getTimeFromRTC)
/opt/devkitpro/libnds/lib/libfat.a(file_allocation_table.o)
                              /opt/devkitpro/libnds/lib/libfat.a(fatfile.o) (_FAT_fat_nextCluster)
/opt/devkitpro/libnds/lib/libnds9.a(video.o)
                              /opt/devkitpro/nflib/lib/libnflib.a(nf_basic.o) (setBrightness)
/opt/devkitpro/libnds/lib/libnds9.a(console.o)
                              main.o (consoleDemoInit)
/opt/devkitpro/libnds/lib/libnds9.a(sprite.o)
                              /opt/devkitpro/nflib/lib/libnflib.a(nf_sprite256.o) (oamInit)
/opt/devkitpro/libnds/lib/libnds9.a(keys.o)
                              main.o (scanKeys)
/opt/devkitpro/libnds/lib/libnds9.a(dldi.o)
                              /opt/devkitpro/libnds/lib/libfat.a(disc.o) (dldiGetInternal)
/opt/devkitpro/libnds/lib/libnds9.a(initSystem.o)
                              /opt/devkitpro/devkitARM/bin/../lib/gcc/arm-none-eabi/12.2.0/../../../../arm-none-eabi/lib/ds_arm9_crt0.o (initSystem)
/opt/devkitpro/libnds/lib/libnds9.a(securearea.o)
                              /opt/devkitpro/devkitARM/bin/../lib/gcc/arm-none-eabi/12.2.0/../../../../arm-none-eabi/lib/ds_arm9_crt0.o (__secure_area__)
/opt/devkitpro/libnds/lib/libnds9.a(interrupts.o)
                              /opt/devkitpro/libnds/lib/libnds9.a(initSystem.o) (irqInit)
/opt/devkitpro/libnds/lib/libnds9.a(libnds_exit.arm.o)
                              /opt/devkitpro/devkitARM/bin/../lib/gcc/arm-none-eabi/12.2.0/../../../../arm-none-eabi/lib/ds_arm9_crt0.o (__libnds_exit)
/opt/devkitpro/libnds/lib/libnds9.a(card.o)
                              /opt/devkitpro/libnds/lib/libfilesystem.a(nitrofs.o) (cardParamCommand)
/opt/devkitpro/libnds/lib/libnds9.a(fifosystem.o)
                              /opt/devkitpro/libnds/lib/libnds9.a(initSystem.o) (fifoSetValue32Handler)
/opt/devkitpro/libnds/lib/libnds9.a(dcache.o)
                              /opt/devkitpro/nflib/lib/libnflib.a(nf_basic.o) (DC_FlushRange)
/opt/devkitpro/libnds/lib/libnds9.a(dldi_stub.o)
                              /opt/devkitpro/libnds/lib/libnds9.a(dldi.o) (_io_dldi_stub)
/opt/devkitpro/libnds/lib/libnds9.a(mpu_setup.o)
                              /opt/devkitpro/devkitARM/bin/../lib/gcc/arm-none-eabi/12.2.0/../../../../arm-none-eabi/lib/ds_arm9_crt0.o (__libnds_mpu_setup)
/opt/devkitpro/libnds/lib/libnds9.a(IntrWait.o)
                              main.o (swiWaitForVBlank)
/opt/devkitpro/libnds/lib/libnds9.a(cpu_clock.o)
                              /opt/devkitpro/libnds/lib/libnds9.a(initSystem.o) (setCpuClock)
/opt/devkitpro/libnds/lib/libnds9.a(interruptDispatcher.o)
                              /opt/devkitpro/libnds/lib/libnds9.a(interrupts.o) (IntrMain)
/opt/devkitpro/libnds/lib/libnds9.a(biosCalls.o)
                              /opt/devkitpro/libnds/lib/libnds9.a(card.o) (swiDelay)
/opt/devkitpro/libnds/lib/libnds9.a(debugprint.o)
                              /opt/devkitpro/libnds/lib/libnds9.a(console.o) (nocashWrite)
/opt/devkitpro/libnds/lib/libnds9.a(swiSoftReset.o)
[...]
Memory Configuration

Name             Origin             Length             Attributes
ewram            0x02000000         0x00380000
dtcm             0x02ff0000         0x00004000
vectors          0x01000000         0x00000100
itcm             0x01000100         0x00007f00
*default*        0x00000000         0xffffffff

Linker script and memory map

                0x02380000                        __ewram_end = (ORIGIN (ewram) + LENGTH (ewram))
                0x02380000                        __eheap_end = (ORIGIN (ewram) + LENGTH (ewram))
                0x02ff4000                        __dtcm_top = (ORIGIN (dtcm) + LENGTH (dtcm))
                0x02ff3ff8                        __irq_flags = (__dtcm_top - 0x8)
                0x02ff3ffc                        __irq_vector = (__dtcm_top - 0x4)
                0x02ff3f00                        __sp_svc = (__dtcm_top - 0x100)
                0x02ff3e00                        __sp_irq = (__sp_svc - 0x100)
                0x02ff3d00                        __sp_usr = (__sp_irq - 0x100)

.secure         0x02000000      0x800
 *(.secure)
 .secure        0x02000000      0x800 /opt/devkitpro/libnds/lib/libnds9.a(securearea.o)
                0x02000000                __secure_area__

.crt0           0x02000800      0x300
                0x02000800                        __text_start = .
 *(.crt0)
 .crt0          0x02000800      0x300 /opt/devkitpro/devkitARM/bin/../lib/gcc/arm-none-eabi/12.2.0/../../../../arm-none-eabi/lib/ds_arm9_crt0.o
                0x02000800                _start
                0x02000b00                        . = ALIGN (0x4)

.plt
 *(.plt)

.init           0x02000b00       0x18
 *(SORT_NONE(.init))
 .init          0x02000b00        0xc /opt/devkitpro/devkitARM/bin/../lib/gcc/arm-none-eabi/12.2.0/crti.o
                0x02000b00                _init
 .init          0x02000b0c        0xc /opt/devkitpro/devkitARM/bin/../lib/gcc/arm-none-eabi/12.2.0/crtn.o

.text           0x02000b40    0x21db0
 *(EXCLUDE_FILE(*.twl* *.vectors* *.itcm*) .text)
 .text          0x02000b40      0x648 /opt/devkitpro/nflib/lib/libnflib.a(nf_2d.o)
                0x02000b40                NF_Set2D
                0x02000ba4                NF_ShowBg
                0x02000c18                NF_HideBg
                0x02000cb4                NF_ScrollBg
                0x02000f9c                NF_SpriteFrame
                0x02001054                NF_EnableSpriteRotScale
                0x020010c0                NF_DisableSpriteRotScale
                0x0200111c                NF_SpriteRotScale
 .text          0x02001188      0x588 /opt/devkitpro/nflib/lib/libnflib.a(nf_basic.o)
                0x02001188                NF_Error
                0x02001434                NF_SetRootFolder
                0x02001610                NF_DmaMemCopy
                0x02001694                NF_FileLoad
 .text          0x02001710     0x1540 /opt/devkitpro/nflib/lib/libnflib.a(nf_tiledbg.o)
                0x02001710                NF_InitTiledBgBuffers
                0x020017a4                NF_ResetTiledBgBuffers
                0x02001800                NF_InitTiledBgSys
                0x02001918                NF_LoadTiledBg
                0x02001ac4                NF_LoadTilesForBg
                0x02001c98                NF_UnloadTiledBg
                0x02001d34                NF_DeleteTiledBg
                0x02001ecc                NF_CreateTiledBg
                0x02002464                NF_GetTileMapAddress
                0x020024ec                NF_GetTileOfMap
                0x02002528                NF_SetTileOfMap
                0x02002568                NF_UpdateVramMap
                0x02002660                NF_BgSetPalColor
                0x020026f4                NF_BgEditPalColor
                0x02002760                NF_BgUpdatePalette
                0x02002804                NF_BgGetPalColor
                0x02002874                NF_GetTilePal
                0x020028a8                NF_SetTilePal
                0x020028e8                NF_LoadExBgPal
                0x02002948                NF_UnloadExBgPal
                0x0200298c                NF_VramExBgPal
                0x02002a18                NF_SetExBgPal
                0x02002ad8                NF_SetTileHflip
                0x02002b10                NF_SetTileVflip
                0x02002b48                NF_RotateTileGfx
 *fill*         0x02002c50       0x30 ff
 .text          0x02002c80     0x4000 /opt/devkitpro/libnds/lib/libnds9.a(dldi_stub.o)
                0x02002c80                _io_dldi_stub
 .text          0x02006c80      0x114 /opt/devkitpro/devkitARM/bin/../lib/gcc/arm-none-eabi/12.2.0/libgcc.a(_udivsi3.o)
                0x02006c80                __udivsi3
                0x02006c80                __aeabi_uidiv
                0x02006d74                __aeabi_uidivmod
 .text          0x02006d94      0x148 /opt/devkitpro/devkitARM/bin/../lib/gcc/arm-none-eabi/12.2.0/libgcc.a(_divsi3.o)
                0x02006d94                __aeabi_idiv
                0x02006d94                __divsi3
                0x02006ebc                __aeabi_idivmod
 .text          0x02006edc        0x4 /opt/devkitpro/devkitARM/bin/../lib/gcc/arm-none-eabi/12.2.0/libgcc.a(_dvmd_tls.o)
                0x02006edc                __aeabi_ldiv0
                0x02006edc                __aeabi_idiv0
 .text          0x02006ee0       0xd4 /opt/devkitpro/devkitARM/bin/../lib/gcc/arm-none-eabi/12.2.0/libgcc.a(_aeabi_ldivmod.o)
                0x02006ee0                __aeabi_ldivmod
 .text          0x02006fb4       0x28 /opt/devkitpro/devkitARM/bin/../lib/gcc/arm-none-eabi/12.2.0/libgcc.a(_clzdi2.o)
                0x02006fb4                __clzdi2
 .text          0x02006fdc       0x48 /opt/devkitpro/devkitARM/bin/../lib/gcc/arm-none-eabi/12.2.0/libgcc.a(_clzsi2.o)
                0x02006fdc                __clzsi2
 .text          0x02007024      0x224 /opt/devkitpro/devkitARM/bin/../lib/gcc/arm-none-eabi/12.2.0/../../../../arm-none-eabi/lib/libg.a(libc_a-strcmp.o)
                0x02007024                strcmp
 .text          0x02007248      0x424 /opt/devkitpro/devkitARM/bin/../lib/gcc/arm-none-eabi/12.2.0/libgcc.a(_arm_addsubdf3.o)
                0x02007248                __aeabi_drsub
                0x02007250                __subdf3
                0x02007250                __aeabi_dsub
                0x02007254                __aeabi_dadd
                0x02007254                __adddf3
                0x02007564                __aeabi_ui2d
                0x02007564                __floatunsidf
                0x02007588                __floatsidf
                0x02007588                __aeabi_i2d
                0x020075b0                __extendsfdf2
                0x020075b0                __aeabi_f2d
                0x020075f8                __aeabi_ul2d
                0x020075f8                __floatundidf
                0x0200760c                __aeabi_l2d
                0x0200760c                __floatdidf
 .text          0x0200766c      0x49c /opt/devkitpro/devkitARM/bin/../lib/gcc/arm-none-eabi/12.2.0/libgcc.a(_arm_muldivdf3.o)
                0x0200766c                __aeabi_dmul
                0x0200766c                __muldf3
                0x020078fc                __aeabi_ddiv
                0x020078fc                __divdf3
 .text          0x02007b08      0x144 /opt/devkitpro/devkitARM/bin/../lib/gcc/arm-none-eabi/12.2.0/libgcc.a(_arm_cmpdf2.o)
                0x02007b08                __gedf2
                0x02007b08                __gtdf2
                0x02007b10                __ledf2
                0x02007b10                __ltdf2
                0x02007b18                __cmpdf2
                0x02007b18                __eqdf2
                0x02007b18                __nedf2
                0x02007ba0                __aeabi_cdrcmple
                0x02007bbc                __aeabi_cdcmple
                0x02007bbc                __aeabi_cdcmpeq
                0x02007bd4                __aeabi_dcmpeq
                0x02007bec                __aeabi_dcmplt
                0x02007c04                __aeabi_dcmple
                0x02007c1c                __aeabi_dcmpge
                0x02007c34                __aeabi_dcmpgt
 .text          0x02007c4c       0x38 /opt/devkitpro/devkitARM/bin/../lib/gcc/arm-none-eabi/12.2.0/libgcc.a(_arm_unorddf2.o)
                0x02007c4c                __aeabi_dcmpun
                0x02007c4c                __unorddf2
 .text          0x02007c84       0x5c /opt/devkitpro/devkitARM/bin/../lib/gcc/arm-none-eabi/12.2.0/libgcc.a(_arm_fixdfsi.o)
                0x02007c84                __fixdfsi
                0x02007c84                __aeabi_d2iz
 .text          0x02007ce0       0x3c /opt/devkitpro/devkitARM/bin/../lib/gcc/arm-none-eabi/12.2.0/libgcc.a(_aeabi_uldivmod.o)
                0x02007ce0                __aeabi_uldivmod
 *(EXCLUDE_FILE(*.twl* *.vectors* *.itcm*) .stub)
 *(EXCLUDE_FILE(*.twl* *.vectors* *.itcm*) .text.*)
 .text.__do_global_dtors_aux
                0x02007d1c       0x40 /opt/devkitpro/devkitARM/bin/../lib/gcc/arm-none-eabi/12.2.0/crtbegin.o
 .text.frame_dummy
                0x02007d5c       0x30 /opt/devkitpro/devkitARM/bin/../lib/gcc/arm-none-eabi/12.2.0/crtbegin.o
 .text.startup  0x02007d8c       0x88 main.o
                0x02007d8c                main
 .text.nitroFSDirClose
                0x02007e14        0x4 /opt/devkitpro/libnds/lib/libfilesystem.a(nitrofs.o)
 .text.nitroFSSeek
                0x02007e18       0x78 /opt/devkitpro/libnds/lib/libfilesystem.a(nitrofs.o)
 .text.nitroFSFstat
                0x02007e90       0x10 /opt/devkitpro/libnds/lib/libfilesystem.a(nitrofs.o)
 .text.nitroSubReadBlock
                0x02007ea0       0x54 /opt/devkitpro/libnds/lib/libfilesystem.a(nitrofs.o)
 .text.nitroSubReadCard
                0x02007ef4       0xb0 /opt/devkitpro/libnds/lib/libfilesystem.a(nitrofs.o)
 .text.nitroFSClose
                0x02007fa4        0x4 /opt/devkitpro/libnds/lib/libfilesystem.a(nitrofs.o)
 .text.nitroDirReset
                0x02007fa8       0x9c /opt/devkitpro/libnds/lib/libfilesystem.a(nitrofs.o)
 .text.nitroFSRead
                0x02008044       0xbc /opt/devkitpro/libnds/lib/libfilesystem.a(nitrofs.o)
 .text.nitroFSDirNext
                0x02008100      0x30c /opt/devkitpro/libnds/lib/libfilesystem.a(nitrofs.o)
 .text.nitroFSDirOpen
                0x0200840c       0xe0 /opt/devkitpro/libnds/lib/libfilesystem.a(nitrofs.o)
 .text.nitroFSChdir
                0x020084ec       0x30 /opt/devkitpro/libnds/lib/libfilesystem.a(nitrofs.o)
 .text.nitroFSOpen
                0x0200851c       0xc4 /opt/devkitpro/libnds/lib/libfilesystem.a(nitrofs.o)
 .text.nitroFSstat
                0x020085e0       0x68 /opt/devkitpro/libnds/lib/libfilesystem.a(nitrofs.o)
 .text.nitroFSInit
                0x02008648      0x12c /opt/devkitpro/libnds/lib/libfilesystem.a(nitrofs.o)
                0x02008648                nitroFSInit
 .text.fatMount.part.0
                0x02008774       0xa0 /opt/devkitpro/libnds/lib/libfat.a(libfat.o)
 .text.fatMount
                0x02008814       0x3c /opt/devkitpro/libnds/lib/libfat.a(libfat.o)
                0x02008814                fatMount
 .text.fatInit  0x02008850      0x130 /opt/devkitpro/libnds/lib/libfat.a(libfat.o)
                0x02008850                fatInit
 .text.fatInitDefault
                0x02008980        0xc /opt/devkitpro/libnds/lib/libfat.a(libfat.o)
                0x02008980                fatInitDefault
 .text._FAT_check_position_for_next_cluster.part.0
                0x0200898c       0x68 /opt/devkitpro/libnds/lib/libfat.a(fatfile.o)
 .text._FAT_syncToDisc.part.0
                0x020089f4       0xd4 /opt/devkitpro/libnds/lib/libfat.a(fatfile.o)
 .text._FAT_file_extend_r
                0x02008ac8      0x208 /opt/devkitpro/libnds/lib/libfat.a(fatfile.o)
 .text._FAT_open_r
                0x02008cd0      0x2d4 /opt/devkitpro/libnds/lib/libfat.a(fatfile.o)
                0x02008cd0                _FAT_open_r
 .text._FAT_close_r
                0x02008fa4       0x74 /opt/devkitpro/libnds/lib/libfat.a(fatfile.o)
                0x02008fa4                _FAT_close_r
 .text._FAT_read_r
                0x02009018      0x398 /opt/devkitpro/libnds/lib/libfat.a(fatfile.o)
                0x02009018                _FAT_read_r
 .text._FAT_write_r
                0x020093b0      0x53c /opt/devkitpro/libnds/lib/libfat.a(fatfile.o)
                0x020093b0                _FAT_write_r
 .text._FAT_seek_r
                0x020098ec      0x194 /opt/devkitpro/libnds/lib/libfat.a(fatfile.o)
                0x020098ec                _FAT_seek_r
 .text._FAT_fstat_r
                0x02009a80       0x8c /opt/devkitpro/libnds/lib/libfat.a(fatfile.o)
                0x02009a80                _FAT_fstat_r
 .text._FAT_ftruncate_r
                0x02009b0c      0x16c /opt/devkitpro/libnds/lib/libfat.a(fatfile.o)
                0x02009b0c                _FAT_ftruncate_r
 .text._FAT_fsync_r
                0x02009c78       0x44 /opt/devkitpro/libnds/lib/libfat.a(fatfile.o)
                0x02009c78                _FAT_fsync_r
 .text._FAT_cache_getPage
                0x02009cbc       0xf0 /opt/devkitpro/libnds/lib/libfat.a(cache.o)
 .text._FAT_cache_constructor
                0x02009dac       0x90 /opt/devkitpro/libnds/lib/libfat.a(cache.o)
                0x02009dac                _FAT_cache_constructor
 .text._FAT_cache_readSectors
                0x02009e3c       0x60 /opt/devkitpro/libnds/lib/libfat.a(cache.o)
                0x02009e3c                _FAT_cache_readSectors
 .text._FAT_cache_readPartialSector
                0x02009e9c       0x3c /opt/devkitpro/libnds/lib/libfat.a(cache.o)
                0x02009e9c                _FAT_cache_readPartialSector
 .text._FAT_cache_readLittleEndianValue
                0x02009ed8       0x70 /opt/devkitpro/libnds/lib/libfat.a(cache.o)
                0x02009ed8                _FAT_cache_readLittleEndianValue
 .text._FAT_cache_writePartialSector
                0x02009f48       0x4c /opt/devkitpro/libnds/lib/libfat.a(cache.o)
                0x02009f48                _FAT_cache_writePartialSector
 .text._FAT_cache_writeLittleEndianValue
                0x02009f94       0x8c /opt/devkitpro/libnds/lib/libfat.a(cache.o)
                0x02009f94                _FAT_cache_writeLittleEndianValue
 .text._FAT_cache_eraseWritePartialSector
                0x0200a020       0x60 /opt/devkitpro/libnds/lib/libfat.a(cache.o)
                0x0200a020                _FAT_cache_eraseWritePartialSector
 .text._FAT_cache_writeSectors
                0x0200a080       0x80 /opt/devkitpro/libnds/lib/libfat.a(cache.o)
                0x0200a080                _FAT_cache_writeSectors
 .text._FAT_cache_flush
                0x0200a100       0x40 /opt/devkitpro/libnds/lib/libfat.a(cache.o)
                0x0200a100                _FAT_cache_flush
 .text._FAT_stat_r
                0x0200a140       0x90 /opt/devkitpro/libnds/lib/libfat.a(fatdir.o)
                0x0200a140                _FAT_stat_r
 .text._FAT_link_r
                0x0200a1d0        0xc /opt/devkitpro/libnds/lib/libfat.a(fatdir.o)
                0x0200a1d0                _FAT_link_r
 .text._FAT_unlink_r
                0x0200a1dc      0x184 /opt/devkitpro/libnds/lib/libfat.a(fatdir.o)
                0x0200a1dc                _FAT_unlink_r
 .text._FAT_chdir_r
                0x0200a360       0x70 /opt/devkitpro/libnds/lib/libfat.a(fatdir.o)
                0x0200a360                _FAT_chdir_r
 .text._FAT_rename_r
                0x0200a3d0      0x1c4 /opt/devkitpro/libnds/lib/libfat.a(fatdir.o)
                0x0200a3d0                _FAT_rename_r
 .text._FAT_mkdir_r
                0x0200a594      0x244 /opt/devkitpro/libnds/lib/libfat.a(fatdir.o)
                0x0200a594                _FAT_mkdir_r
 .text._FAT_statvfs_r
                0x0200a7d8       0x78 /opt/devkitpro/libnds/lib/libfat.a(fatdir.o)
                0x0200a7d8                _FAT_statvfs_r
 .text._FAT_diropen_r
                0x0200a850       0xb0 /opt/devkitpro/libnds/lib/libfat.a(fatdir.o)
                0x0200a850                _FAT_diropen_r
 .text._FAT_dirreset_r
                0x0200a900       0x4c /opt/devkitpro/libnds/lib/libfat.a(fatdir.o)
                0x0200a900                _FAT_dirreset_r
 .text._FAT_dirnext_r
                0x0200a94c       0x7c /opt/devkitpro/libnds/lib/libfat.a(fatdir.o)
                0x0200a94c                _FAT_dirnext_r
 .text._FAT_dirclose_r
                0x0200a9c8       0x20 /opt/devkitpro/libnds/lib/libfat.a(fatdir.o)
                0x0200a9c8                _FAT_dirclose_r
 .text._FAT_directory_entryGetAlias
                0x0200a9e8       0xc8 /opt/devkitpro/libnds/lib/libfat.a(directory.o)
 .text._FAT_directory_incrementDirEntryPosition
                0x0200aab0       0x80 /opt/devkitpro/libnds/lib/libfat.a(directory.o)
 .text._FAT_directory_mbsncasecmp
                0x0200ab30       0xa8 /opt/devkitpro/libnds/lib/libfat.a(directory.o)
 .text._FAT_directory_ucs2tombs.constprop.0
                0x0200abd8       0x90 /opt/devkitpro/libnds/lib/libfat.a(directory.o)
 .text._FAT_directory_entryGetCluster
                0x0200ac68       0x20 /opt/devkitpro/libnds/lib/libfat.a(directory.o)
                0x0200ac68                _FAT_directory_entryGetCluster
 .text._FAT_directory_getNextEntry
                0x0200ac88      0x23c /opt/devkitpro/libnds/lib/libfat.a(directory.o)
                0x0200ac88                _FAT_directory_getNextEntry
 .text._FAT_directory_entryExists
                0x0200aec4       0x80 /opt/devkitpro/libnds/lib/libfat.a(directory.o)
 .text._FAT_directory_getFirstEntry
                0x0200af44       0x20 /opt/devkitpro/libnds/lib/libfat.a(directory.o)
                0x0200af44                _FAT_directory_getFirstEntry
 .text._FAT_directory_getRootEntry
                0x0200af64       0x60 /opt/devkitpro/libnds/lib/libfat.a(directory.o)
                0x0200af64                _FAT_directory_getRootEntry
 .text._FAT_directory_entryFromPosition
                0x0200afc4      0x150 /opt/devkitpro/libnds/lib/libfat.a(directory.o)
                0x0200afc4                _FAT_directory_entryFromPosition
 .text._FAT_directory_entryFromPath
                0x0200b114      0x248 /opt/devkitpro/libnds/lib/libfat.a(directory.o)
                0x0200b114                _FAT_directory_entryFromPath
 .text._FAT_directory_removeEntry
                0x0200b35c       0xd8 /opt/devkitpro/libnds/lib/libfat.a(directory.o)
                0x0200b35c                _FAT_directory_removeEntry
 .text._FAT_directory_addEntry
                0x0200b434      0x808 /opt/devkitpro/libnds/lib/libfat.a(directory.o)
                0x0200b434                _FAT_directory_addEntry
 .text._FAT_directory_chdir
                0x0200bc3c       0x3c /opt/devkitpro/libnds/lib/libfat.a(directory.o)
                0x0200bc3c                _FAT_directory_chdir
 .text._FAT_directory_entryStat
                0x0200bc78       0xe4 /opt/devkitpro/libnds/lib/libfat.a(directory.o)
                0x0200bc78                _FAT_directory_entryStat
 .text.isValidMBR
                0x0200bd5c       0x5c /opt/devkitpro/libnds/lib/libfat.a(partition.o)
 .text._FAT_updateFS_INFO
                0x0200bdb8       0x54 /opt/devkitpro/libnds/lib/libfat.a(partition.o)
 .text.FindFirstValidPartition_buf.part.0
                0x0200be0c      0x11c /opt/devkitpro/libnds/lib/libfat.a(partition.o)
 .text._FAT_partition_getPartitionFromPath
                0x0200bf28       0x10 /opt/devkitpro/libnds/lib/libfat.a(partition.o)
                0x0200bf28                _FAT_partition_getPartitionFromPath
 .text._FAT_partition_createFSinfo
                0x0200bf38       0x50 /opt/devkitpro/libnds/lib/libfat.a(partition.o)
                0x0200bf38                _FAT_partition_createFSinfo
 .text._FAT_partition_readFSinfo.part.0
                0x0200bf88       0x74 /opt/devkitpro/libnds/lib/libfat.a(partition.o)
 .text._FAT_partition_constructor_buf
                0x0200bffc      0x2e8 /opt/devkitpro/libnds/lib/libfat.a(partition.o)
                0x0200bffc                _FAT_partition_constructor_buf
 .text._FAT_partition_constructor
                0x0200c2e4       0x40 /opt/devkitpro/libnds/lib/libfat.a(partition.o)
                0x0200c2e4                _FAT_partition_constructor
 .text._FAT_partition_readFSinfo
                0x0200c324       0x10 /opt/devkitpro/libnds/lib/libfat.a(partition.o)
                0x0200c324                _FAT_partition_readFSinfo
 .text._FAT_lock_init
                0x0200c334        0x4 /opt/devkitpro/libnds/lib/libfat.a(lock.o)
                0x0200c334                _FAT_lock_init
 .text._FAT_lock
                0x0200c338        0x4 /opt/devkitpro/libnds/lib/libfat.a(lock.o)
                0x0200c338                _FAT_lock
 .text._FAT_unlock
                0x0200c33c        0x4 /opt/devkitpro/libnds/lib/libfat.a(lock.o)
                0x0200c33c                _FAT_unlock
 .text._FAT_filetime_getTimeFromRTC
                0x0200c340       0x44 /opt/devkitpro/libnds/lib/libfat.a(filetime.o)
                0x0200c340                _FAT_filetime_getTimeFromRTC
 .text._FAT_filetime_getDateFromRTC
                0x0200c384       0x44 /opt/devkitpro/libnds/lib/libfat.a(filetime.o)
                0x0200c384                _FAT_filetime_getDateFromRTC
 .text._FAT_filetime_to_time_t
                0x0200c3c8       0x38 /opt/devkitpro/libnds/lib/libfat.a(filetime.o)
                0x0200c3c8                _FAT_filetime_to_time_t
 .text._FAT_fat_writeFatEntry.part.0.isra.0
                0x0200c400      0x12c /opt/devkitpro/libnds/lib/libfat.a(file_allocation_table.o)
 .text._FAT_fat_nextCluster
                0x0200c52c      0x108 /opt/devkitpro/libnds/lib/libfat.a(file_allocation_table.o)
                0x0200c52c                _FAT_fat_nextCluster
 .text._FAT_fat_linkFreeCluster
                0x0200c634       0xac /opt/devkitpro/libnds/lib/libfat.a(file_allocation_table.o)
                0x0200c634                _FAT_fat_linkFreeCluster
 .text._FAT_fat_linkFreeClusterCleared
                0x0200c6e0       0x68 /opt/devkitpro/libnds/lib/libfat.a(file_allocation_table.o)
                0x0200c6e0                _FAT_fat_linkFreeClusterCleared
 .text._FAT_fat_clearLinks
                0x0200c748       0x7c /opt/devkitpro/libnds/lib/libfat.a(file_allocation_table.o)
                0x0200c748                _FAT_fat_clearLinks
 .text._FAT_fat_trimChain
                0x0200c7c4       0x80 /opt/devkitpro/libnds/lib/libfat.a(file_allocation_table.o)
                0x0200c7c4                _FAT_fat_trimChain
 .text._FAT_fat_lastCluster
                0x0200c844       0x34 /opt/devkitpro/libnds/lib/libfat.a(file_allocation_table.o)
                0x0200c844                _FAT_fat_lastCluster
 .text._FAT_fat_freeClusterCount
                0x0200c878       0x2c /opt/devkitpro/libnds/lib/libfat.a(file_allocation_table.o)
                0x0200c878                _FAT_fat_freeClusterCount
 .text.setBrightness
                0x0200c8a4       0x40 /opt/devkitpro/libnds/lib/libnds9.a(video.o)
                0x0200c8a4                setBrightness
 .text.vramDefault
                0x0200c8e4       0xd0 /opt/devkitpro/libnds/lib/libnds9.a(video.o)
                0x0200c8e4                vramDefault
 .text.newRow   0x0200c9b4       0xa8 /opt/devkitpro/libnds/lib/libnds9.a(console.o)
 .text.consolePrintChar
                0x0200ca5c       0xe0 /opt/devkitpro/libnds/lib/libnds9.a(console.o)
                0x0200ca5c                consolePrintChar
 .text.con_write
                0x0200cb3c      0x36c /opt/devkitpro/libnds/lib/libnds9.a(console.o)
                0x0200cb3c                con_write
 .text.consoleLoadFont
                0x0200cea8      0x2a0 /opt/devkitpro/libnds/lib/libnds9.a(console.o)
                0x0200cea8                consoleLoadFont
 .text.consoleInit
                0x0200d148      0x18c /opt/devkitpro/libnds/lib/libnds9.a(console.o)
                0x0200d148                consoleInit
 .text.consoleDemoInit
                0x0200d2d4       0x40 /opt/devkitpro/libnds/lib/libnds9.a(console.o)
                0x0200d2d4                consoleDemoInit
 .text.oamRotateScale
                0x0200d314       0x4c /opt/devkitpro/libnds/lib/libnds9.a(sprite.o)
                0x0200d314                oamRotateScale
 .text.scanKeys
                0x0200d360       0x8c /opt/devkitpro/libnds/lib/libnds9.a(keys.o)
                0x0200d360                scanKeys
 .text.keysDown
                0x0200d3ec       0x14 /opt/devkitpro/libnds/lib/libnds9.a(keys.o)
                0x0200d3ec                keysDown
 .text.dldiGetInternal
                0x0200d400       0x34 /opt/devkitpro/libnds/lib/libnds9.a(dldi.o)
                0x0200d400                dldiGetInternal
 .text.get_io_dsisd
                0x0200d434       0x24 /opt/devkitpro/libnds/lib/libnds9.a(dldi.o)
                0x0200d434                get_io_dsisd
 .text.__syscall_gettod_r
                0x0200d458       0x28 /opt/devkitpro/libnds/lib/libnds9.a(initSystem.o)
                0x0200d458                __syscall_gettod_r
 .text.__syscall_exit
                0x0200d480        0x8 /opt/devkitpro/libnds/lib/libnds9.a(initSystem.o)
                0x0200d480                __syscall_exit
 .text.initSystem
                0x0200d488      0x180 /opt/devkitpro/libnds/lib/libnds9.a(initSystem.o)
                0x0200d488                initSystem
 .text.irqDummy
                0x0200d608        0x4 /opt/devkitpro/libnds/lib/libnds9.a(interrupts.o)
                0x0200d608                irqDummy
 .text.irqSet   0x0200d60c       0x6c /opt/devkitpro/libnds/lib/libnds9.a(interrupts.o)
                0x0200d60c                irqSet
 .text.irqInit  0x0200d678       0x50 /opt/devkitpro/libnds/lib/libnds9.a(interrupts.o)
                0x0200d678                irqInit
 .text.irqEnable
                0x0200d6c8       0x64 /opt/devkitpro/libnds/lib/libnds9.a(interrupts.o)
                0x0200d6c8                irqEnable
 .text.systemErrorExit
                0x0200d72c        0x4 /opt/devkitpro/libnds/lib/libnds9.a(libnds_exit.arm.o)
                0x0200d72c                systemErrorExit
 .text.__libnds_exit
                0x0200d730       0x5c /opt/devkitpro/libnds/lib/libnds9.a(libnds_exit.arm.o)
                0x0200d730                __libnds_exit
 .text.cardPolledTransfer
                0x0200d78c       0x54 /opt/devkitpro/libnds/lib/libnds9.a(card.o)
                0x0200d78c                cardPolledTransfer
 .text.cardParamCommand
                0x0200d7e0       0x34 /opt/devkitpro/libnds/lib/libnds9.a(card.o)
                0x0200d7e0                cardParamCommand
 .text.fifo_queueBlock
                0x0200d814       0x44 /opt/devkitpro/libnds/lib/libnds9.a(fifosystem.o)
 .text.fifo_waitBlock
                0x0200d858       0x80 /opt/devkitpro/libnds/lib/libnds9.a(fifosystem.o)
 .text.fifoInternalSend.part.0
                0x0200d8d8       0xd4 /opt/devkitpro/libnds/lib/libnds9.a(fifosystem.o)
 .text.fifoInternalSendInterrupt
                0x0200d9ac       0xb0 /opt/devkitpro/libnds/lib/libnds9.a(fifosystem.o)
 .text.fifoSetValue32Handler
                0x0200da5c       0xd4 /opt/devkitpro/libnds/lib/libnds9.a(fifosystem.o)
                0x0200da5c                fifoSetValue32Handler
 .text.fifoSendValue32
                0x0200db30       0x4c /opt/devkitpro/libnds/lib/libnds9.a(fifosystem.o)
                0x0200db30                fifoSendValue32
 .text.fifoSendDatamsg
                0x0200db7c       0x90 /opt/devkitpro/libnds/lib/libnds9.a(fifosystem.o)
                0x0200db7c                fifoSendDatamsg
 .text.fifoGetValue32
                0x0200dc0c       0x70 /opt/devkitpro/libnds/lib/libnds9.a(fifosystem.o)
                0x0200dc0c                fifoGetValue32
 .text.fifoGetDatamsg
                0x0200dc7c       0xf4 /opt/devkitpro/libnds/lib/libnds9.a(fifosystem.o)
                0x0200dc7c                fifoGetDatamsg
 .text.fifoInternalRecvInterrupt
                0x0200dd70      0x37c /opt/devkitpro/libnds/lib/libnds9.a(fifosystem.o)
 .text.fifoSetDatamsgHandler
                0x0200e0ec       0x9c /opt/devkitpro/libnds/lib/libnds9.a(fifosystem.o)
                0x0200e0ec                fifoSetDatamsgHandler
 .text.fifoCheckValue32
                0x0200e188       0x24 /opt/devkitpro/libnds/lib/libnds9.a(fifosystem.o)
                0x0200e188                fifoCheckValue32
 .text.fifoInit
                0x0200e1ac      0x108 /opt/devkitpro/libnds/lib/libnds9.a(fifosystem.o)
                0x0200e1ac                fifoInit
 .text.DC_FlushRange
                0x0200e2b4       0x24 /opt/devkitpro/libnds/lib/libnds9.a(dcache.o)
                0x0200e2b4                DC_FlushRange
 .text.DC_InvalidateRange
                0x0200e2d8       0x2c /opt/devkitpro/libnds/lib/libnds9.a(dcache.o)
                0x0200e2d8                DC_InvalidateRange
 .text.__libnds_mpu_setup
                0x0200e304      0x174 /opt/devkitpro/libnds/lib/libnds9.a(mpu_setup.o)
                0x0200e304                __libnds_mpu_setup
 .text.memUncached
                0x0200e478       0x20 /opt/devkitpro/libnds/lib/libnds9.a(mpu_setup.o)
                0x0200e478                memUncached
 .text.swiWaitForVBlank
                0x0200e498        0x8 /opt/devkitpro/libnds/lib/libnds9.a(IntrWait.o)
                0x0200e498                swiWaitForVBlank
 .text.swiIntrWait
                0x0200e4a0       0x70 /opt/devkitpro/libnds/lib/libnds9.a(IntrWait.o)
                0x0200e4a0                swiIntrWait
 .text.setCpuClock
                0x0200e510       0x50 /opt/devkitpro/libnds/lib/libnds9.a(cpu_clock.o)
                0x0200e510                setCpuClock
 .text.swiDelay
                0x0200e560        0x4 /opt/devkitpro/libnds/lib/libnds9.a(biosCalls.o)
                0x0200e560                swiDelay
 .text.swiSoftReset
                0x0200e564       0x2c /opt/devkitpro/libnds/lib/libnds9.a(swiSoftReset.o)
                0x0200e564                swiSoftReset
 .text.checkIfText
                0x0200e590       0x5c /opt/devkitpro/libnds/lib/libnds9.a(background.o)
                0x0200e590                checkIfText
 .text.bgUpdate
                0x0200e5ec       0xf4 /opt/devkitpro/libnds/lib/libnds9.a(background.o)
                0x0200e5ec                bgUpdate
 .text.bgInit_call
                0x0200e6e0       0xc4 /opt/devkitpro/libnds/lib/libnds9.a(background.o)
                0x0200e6e0                bgInit_call
 .text.bgInitSub_call
                0x0200e7a4       0xcc /opt/devkitpro/libnds/lib/libnds9.a(background.o)
                0x0200e7a4                bgInitSub_call
 .text.sinLutLookup
                0x0200e870       0x4c /opt/devkitpro/libnds/lib/libnds9.a(trig.o)
                0x0200e870                sinLutLookup
 .text.sinLerp  0x0200e8bc       0x40 /opt/devkitpro/libnds/lib/libnds9.a(trig.o)
                0x0200e8bc                sinLerp
 .text.cosLerp  0x0200e8fc       0x4c /opt/devkitpro/libnds/lib/libnds9.a(trig.o)
                0x0200e8fc                cosLerp
 .text.systemValueHandler
                0x0200e948       0x48 /opt/devkitpro/libnds/lib/libnds9.a(system.o)
                0x0200e948                systemValueHandler
 .text.systemMsgHandler
                0x0200e990       0x60 /opt/devkitpro/libnds/lib/libnds9.a(system.o)
                0x0200e990                systemMsgHandler
 .text.powerOn  0x0200e9f0       0x2c /opt/devkitpro/libnds/lib/libnds9.a(system.o)
                0x0200e9f0                powerOn
 .text.__muldi3
                0x0200ea1c       0x18 /opt/devkitpro/devkitARM/bin/../lib/gcc/arm-none-eabi/12.2.0/libgcc.a(_muldi3.o)
                0x0200ea1c                __aeabi_lmul
                0x0200ea1c                __muldi3
 .text.__udivmoddi4
                0x0200ea34      0x128 /opt/devkitpro/devkitARM/bin/../lib/gcc/arm-none-eabi/12.2.0/libgcc.a(_udivmoddi4.o)
                0x0200ea34                __udivmoddi4
 .text.calloc   0x0200eb5c       0x24 /opt/devkitpro/devkitARM/bin/../lib/gcc/arm-none-eabi/12.2.0/../../../../arm-none-eabi/lib/libg.a(libc_a-calloc.o)
                0x0200eb5c                calloc
 .text._calloc_r
                0x0200eb80       0xd0 /opt/devkitpro/devkitARM/bin/../lib/gcc/arm-none-eabi/12.2.0/../../../../arm-none-eabi/lib/libg.a(libc_a-callocr.o)
                0x0200eb80                _calloc_r
 .text.malloc   0x0200ec50       0x1c /opt/devkitpro/devkitARM/bin/../lib/gcc/arm-none-eabi/12.2.0/../../../../arm-none-eabi/lib/libg.a(libc_a-malloc.o)
                0x0200ec50                malloc
 .text.free     0x0200ec6c       0x1c /opt/devkitpro/devkitARM/bin/../lib/gcc/arm-none-eabi/12.2.0/../../../../arm-none-eabi/lib/libg.a(libc_a-malloc.o)
                0x0200ec6c                free
 .text._malloc_r
                0x0200ec88      0x7f0 /opt/devkitpro/devkitARM/bin/../lib/gcc/arm-none-eabi/12.2.0/../../../../arm-none-eabi/lib/libg.a(libc_a-mallocr.o)
                0x0200ec88                _malloc_r
 .text.__malloc_lock
                0x0200f478       0x18 /opt/devkitpro/devkitARM/bin/../lib/gcc/arm-none-eabi/12.2.0/../../../../arm-none-eabi/lib/libg.a(libc_a-mlock.o)
                0x0200f478                __malloc_lock
 .text.__malloc_unlock
                0x0200f490       0x18 /opt/devkitpro/devkitARM/bin/../lib/gcc/arm-none-eabi/12.2.0/../../../../arm-none-eabi/lib/libg.a(libc_a-mlock.o)
                0x0200f490                __malloc_unlock
 .text.realloc  0x0200f4a8       0x24 /opt/devkitpro/devkitARM/bin/../lib/gcc/arm-none-eabi/12.2.0/../../../../arm-none-eabi/lib/libg.a(libc_a-realloc.o)
                0x0200f4a8                realloc
 .text._realloc_r
                0x0200f4cc      0x4b8 /opt/devkitpro/devkitARM/bin/../lib/gcc/arm-none-eabi/12.2.0/../../../../arm-none-eabi/lib/libg.a(libc_a-reallocr.o)
                0x0200f4cc                _realloc_r
 .text._mbrtowc_r
                0x0200f984       0xc8 /opt/devkitpro/devkitARM/bin/../lib/gcc/arm-none-eabi/12.2.0/../../../../arm-none-eabi/lib/libg.a(libc_a-mbrtowc.o)
                0x0200f984                _mbrtowc_r
 .text.mbrtowc  0x0200fa4c       0xcc /opt/devkitpro/devkitARM/bin/../lib/gcc/arm-none-eabi/12.2.0/../../../../arm-none-eabi/lib/libg.a(libc_a-mbrtowc.o)
                0x0200fa4c                mbrtowc
 .text.mbsrtowcs
                0x0200fb18       0x40 /opt/devkitpro/devkitARM/bin/../lib/gcc/arm-none-eabi/12.2.0/../../../../arm-none-eabi/lib/libg.a(libc_a-mbsrtowcs.o)
                0x0200fb18                mbsrtowcs
 .text._wcrtomb_r
                0x0200fb58       0x9c /opt/devkitpro/devkitARM/bin/../lib/gcc/arm-none-eabi/12.2.0/../../../../arm-none-eabi/lib/libg.a(libc_a-wcrtomb.o)
                0x0200fb58                _wcrtomb_r
 .text.wcrtomb  0x0200fbf4       0xa4 /opt/devkitpro/devkitARM/bin/../lib/gcc/arm-none-eabi/12.2.0/../../../../arm-none-eabi/lib/libg.a(libc_a-wcrtomb.o)
                0x0200fbf4                wcrtomb
 .text.wctob    0x0200fc98       0x8c /opt/devkitpro/devkitARM/bin/../lib/gcc/arm-none-eabi/12.2.0/../../../../arm-none-eabi/lib/libg.a(libc_a-wctob.o)
                0x0200fc98                wctob
 .text.towlower
                0x0200fd24       0x14 /opt/devkitpro/devkitARM/bin/../lib/gcc/arm-none-eabi/12.2.0/../../../../arm-none-eabi/lib/libg.a(libc_a-towlower.o)
                0x0200fd24                towlower
 .text.towupper
                0x0200fd38       0x14 /opt/devkitpro/devkitARM/bin/../lib/gcc/arm-none-eabi/12.2.0/../../../../arm-none-eabi/lib/libg.a(libc_a-towupper.o)
                0x0200fd38                towupper
 .text.iprintf  0x0200fd4c       0x34 /opt/devkitpro/devkitARM/bin/../lib/gcc/arm-none-eabi/12.2.0/../../../../arm-none-eabi/lib/libg.a(libc_a-iprintf.o)
                0x0200fd4c                iprintf
 .text.siscanf  0x0200fd80       0x74 /opt/devkitpro/devkitARM/bin/../lib/gcc/arm-none-eabi/12.2.0/../../../../arm-none-eabi/lib/libg.a(libc_a-siscanf.o)
                0x0200fd80                siscanf
 .text.get_arg  0x0200fdf4       0x54 /opt/devkitpro/devkitARM/bin/../lib/gcc/arm-none-eabi/12.2.0/../../../../arm-none-eabi/lib/libg.a(libc_a-svfiscanf.o)
 .text._sungetc_r
                0x0200fe48       0xdc /opt/devkitpro/devkitARM/bin/../lib/gcc/arm-none-eabi/12.2.0/../../../../arm-none-eabi/lib/libg.a(libc_a-svfiscanf.o)
                0x0200fe48                _sungetc_r
 .text.__ssrefill_r
                0x0200ff24       0x68 /opt/devkitpro/devkitARM/bin/../lib/gcc/arm-none-eabi/12.2.0/../../../../arm-none-eabi/lib/libg.a(libc_a-svfiscanf.o)
                0x0200ff24                __ssrefill_r
 .text._sfread_r
                0x0200ff8c       0xc8 /opt/devkitpro/devkitARM/bin/../lib/gcc/arm-none-eabi/12.2.0/../../../../arm-none-eabi/lib/libg.a(libc_a-svfiscanf.o)
                0x0200ff8c                _sfread_r
 .text.__ssvfiscanf_r
                0x02010054     0x234c /opt/devkitpro/devkitARM/bin/../lib/gcc/arm-none-eabi/12.2.0/../../../../arm-none-eabi/lib/libg.a(libc_a-svfiscanf.o)
                0x02010054                __ssvfiscanf_r
 .text.get_arg  0x020123a0      0x684 /opt/devkitpro/devkitARM/bin/../lib/gcc/arm-none-eabi/12.2.0/../../../../arm-none-eabi/lib/libg.a(libc_a-vfiprintf.o)
 .text.__sprint_r
                0x02012a24       0x34 /opt/devkitpro/devkitARM/bin/../lib/gcc/arm-none-eabi/12.2.0/../../../../arm-none-eabi/lib/libg.a(libc_a-vfiprintf.o)
                0x02012a24                __sprint_r
 .text._vfiprintf_r
                0x02012a58     0x2340 /opt/devkitpro/devkitARM/bin/../lib/gcc/arm-none-eabi/12.2.0/../../../../arm-none-eabi/lib/libg.a(libc_a-vfiprintf.o)
                0x02012a58                _vfiprintf_r
 .text.__sbprintf
                0x02014d98       0xbc /opt/devkitpro/devkitARM/bin/../lib/gcc/arm-none-eabi/12.2.0/../../../../arm-none-eabi/lib/libg.a(libc_a-vfiprintf.o)
 .text._fclose_r
                0x02014e54      0x150 /opt/devkitpro/devkitARM/bin/../lib/gcc/arm-none-eabi/12.2.0/../../../../arm-none-eabi/lib/libg.a(libc_a-fclose.o)
                0x02014e54                _fclose_r
 .text.fclose   0x02014fa4       0x18 /opt/devkitpro/devkitARM/bin/../lib/gcc/arm-none-eabi/12.2.0/../../../../arm-none-eabi/lib/libg.a(libc_a-fclose.o)
                0x02014fa4                fclose
 .text.__sflush_r
                0x02014fbc      0x250 /opt/devkitpro/devkitARM/bin/../lib/gcc/arm-none-eabi/12.2.0/../../../../arm-none-eabi/lib/libg.a(libc_a-fflush.o)
                0x02014fbc                __sflush_r
 .text._fflush_r
                0x0201520c       0x9c /opt/devkitpro/devkitARM/bin/../lib/gcc/arm-none-eabi/12.2.0/../../../../arm-none-eabi/lib/libg.a(libc_a-fflush.o)
                0x0201520c                _fflush_r
 .text.stdio_exit_handler
                0x020152a8       0x28 /opt/devkitpro/devkitARM/bin/../lib/gcc/arm-none-eabi/12.2.0/../../../../arm-none-eabi/lib/libg.a(libc_a-findfp.o)
 .text.cleanup_stdio
                0x020152d0       0x54 /opt/devkitpro/devkitARM/bin/../lib/gcc/arm-none-eabi/12.2.0/../../../../arm-none-eabi/lib/libg.a(libc_a-findfp.o)
 .text.global_stdio_init.part.0
                0x02015324      0x158 /opt/devkitpro/devkitARM/bin/../lib/gcc/arm-none-eabi/12.2.0/../../../../arm-none-eabi/lib/libg.a(libc_a-findfp.o)
 .text.__sfp    0x0201547c      0x138 /opt/devkitpro/devkitARM/bin/../lib/gcc/arm-none-eabi/12.2.0/../../../../arm-none-eabi/lib/libg.a(libc_a-findfp.o)
                0x0201547c                __sfp
 .text.__sinit  0x020155b4       0x64 /opt/devkitpro/devkitARM/bin/../lib/gcc/arm-none-eabi/12.2.0/../../../../arm-none-eabi/lib/libg.a(libc_a-findfp.o)
                0x020155b4                __sinit
 .text.__sfp_lock_acquire
                0x02015618       0x18 /opt/devkitpro/devkitARM/bin/../lib/gcc/arm-none-eabi/12.2.0/../../../../arm-none-eabi/lib/libg.a(libc_a-findfp.o)
                0x02015618                __sfp_lock_acquire
 .text.__sfp_lock_release
                0x02015630       0x18 /opt/devkitpro/devkitARM/bin/../lib/gcc/arm-none-eabi/12.2.0/../../../../arm-none-eabi/lib/libg.a(libc_a-findfp.o)
                0x02015630                __sfp_lock_release
 .text._fopen_r
                0x02015648      0x138 /opt/devkitpro/devkitARM/bin/../lib/gcc/arm-none-eabi/12.2.0/../../../../arm-none-eabi/lib/libg.a(libc_a-fopen.o)
                0x02015648                _fopen_r
 .text.fopen    0x02015780       0x20 /opt/devkitpro/devkitARM/bin/../lib/gcc/arm-none-eabi/12.2.0/../../../../arm-none-eabi/lib/libg.a(libc_a-fopen.o)
                0x02015780                fopen
 .text._fread_r
                0x020157a0      0x33c /opt/devkitpro/devkitARM/bin/../lib/gcc/arm-none-eabi/12.2.0/../../../../arm-none-eabi/lib/libg.a(libc_a-fread.o)
                0x020157a0                _fread_r
 .text.fread    0x02015adc       0x3c /opt/devkitpro/devkitARM/bin/../lib/gcc/arm-none-eabi/12.2.0/../../../../arm-none-eabi/lib/libg.a(libc_a-fread.o)
                0x02015adc                fread
 .text._fseek_r
                0x02015b18       0x20 /opt/devkitpro/devkitARM/bin/../lib/gcc/arm-none-eabi/12.2.0/../../../../arm-none-eabi/lib/libg.a(libc_a-fseek.o)
                0x02015b18                _fseek_r
 .text.fseek    0x02015b38       0x38 /opt/devkitpro/devkitARM/bin/../lib/gcc/arm-none-eabi/12.2.0/../../../../arm-none-eabi/lib/libg.a(libc_a-fseek.o)
                0x02015b38                fseek
 .text.ftell    0x02015b70       0x30 /opt/devkitpro/devkitARM/bin/../lib/gcc/arm-none-eabi/12.2.0/../../../../arm-none-eabi/lib/libg.a(libc_a-ftell.o)
                0x02015b70                ftell
 .text.__sfvwrite_r
                0x02015ba0      0x4c8 /opt/devkitpro/devkitARM/bin/../lib/gcc/arm-none-eabi/12.2.0/../../../../arm-none-eabi/lib/libg.a(libc_a-fvwrite.o)
                0x02015ba0                __sfvwrite_r
 .text._fwalk_sglue
                0x02016068       0x78 /opt/devkitpro/devkitARM/bin/../lib/gcc/arm-none-eabi/12.2.0/../../../../arm-none-eabi/lib/libg.a(libc_a-fwalk.o)
                0x02016068                _fwalk_sglue
 .text.__smakebuf_r
                0x020160e0      0x13c /opt/devkitpro/devkitARM/bin/../lib/gcc/arm-none-eabi/12.2.0/../../../../arm-none-eabi/lib/libg.a(libc_a-makebuf.o)
                0x020160e0                __smakebuf_r
 .text.__swhatbuf_r
                0x0201621c       0x80 /opt/devkitpro/devkitARM/bin/../lib/gcc/arm-none-eabi/12.2.0/../../../../arm-none-eabi/lib/libg.a(libc_a-makebuf.o)
                0x0201621c                __swhatbuf_r
 .text._puts_r  0x0201629c       0xe8 /opt/devkitpro/devkitARM/bin/../lib/gcc/arm-none-eabi/12.2.0/../../../../arm-none-eabi/lib/libg.a(libc_a-puts.o)
                0x0201629c                _puts_r
 .text.puts     0x02016384       0x18 /opt/devkitpro/devkitARM/bin/../lib/gcc/arm-none-eabi/12.2.0/../../../../arm-none-eabi/lib/libg.a(libc_a-puts.o)
                0x02016384                puts
 .text.lflush   0x0201639c       0x3c /opt/devkitpro/devkitARM/bin/../lib/gcc/arm-none-eabi/12.2.0/../../../../arm-none-eabi/lib/libg.a(libc_a-refill.o)
 .text.__srefill_r
                0x020163d8      0x19c /opt/devkitpro/devkitARM/bin/../lib/gcc/arm-none-eabi/12.2.0/../../../../arm-none-eabi/lib/libg.a(libc_a-refill.o)
                0x020163d8                __srefill_r
 .text.rewind   0x02016574       0x30 /opt/devkitpro/devkitARM/bin/../lib/gcc/arm-none-eabi/12.2.0/../../../../arm-none-eabi/lib/libg.a(libc_a-rewind.o)
                0x02016574                rewind
 .text.__sccl   0x020165a4       0xe4 /opt/devkitpro/devkitARM/bin/../lib/gcc/arm-none-eabi/12.2.0/../../../../arm-none-eabi/lib/libg.a(libc_a-sccl.o)
                0x020165a4                __sccl
 .text.setvbuf  0x02016688      0x264 /opt/devkitpro/devkitARM/bin/../lib/gcc/arm-none-eabi/12.2.0/../../../../arm-none-eabi/lib/libg.a(libc_a-setvbuf.o)
                0x02016688                setvbuf
 .text.snprintf
                0x020168ec       0xcc /opt/devkitpro/devkitARM/bin/../lib/gcc/arm-none-eabi/12.2.0/../../../../arm-none-eabi/lib/libg.a(libc_a-snprintf.o)
                0x020168ec                snprintf
 .text.__sread  0x020169b8       0x4c /opt/devkitpro/devkitARM/bin/../lib/gcc/arm-none-eabi/12.2.0/../../../../arm-none-eabi/lib/libg.a(libc_a-stdio.o)
                0x020169b8                __sread
 .text.__seofread
                0x02016a04        0x8 /opt/devkitpro/devkitARM/bin/../lib/gcc/arm-none-eabi/12.2.0/../../../../arm-none-eabi/lib/libg.a(libc_a-stdio.o)
                0x02016a04                __seofread
 .text.__swrite
                0x02016a0c       0x6c /opt/devkitpro/devkitARM/bin/../lib/gcc/arm-none-eabi/12.2.0/../../../../arm-none-eabi/lib/libg.a(libc_a-stdio.o)
                0x02016a0c                __swrite
 .text.__sseek  0x02016a78       0x48 /opt/devkitpro/devkitARM/bin/../lib/gcc/arm-none-eabi/12.2.0/../../../../arm-none-eabi/lib/libg.a(libc_a-stdio.o)
                0x02016a78                __sseek
 .text.__sclose
                0x02016ac0       0x14 /opt/devkitpro/devkitARM/bin/../lib/gcc/arm-none-eabi/12.2.0/../../../../arm-none-eabi/lib/libg.a(libc_a-stdio.o)
                0x02016ac0                __sclose
 .text.__submore
                0x02016ad4       0xa8 /opt/devkitpro/devkitARM/bin/../lib/gcc/arm-none-eabi/12.2.0/../../../../arm-none-eabi/lib/libg.a(libc_a-ungetc.o)
                0x02016ad4                __submore
 .text.__swsetup_r
                0x02016b7c      0x140 /opt/devkitpro/devkitARM/bin/../lib/gcc/arm-none-eabi/12.2.0/../../../../arm-none-eabi/lib/libg.a(libc_a-wsetup.o)
                0x02016b7c                __swsetup_r
 .text._fseeko_r
                0x02016cbc      0x5b4 /opt/devkitpro/devkitARM/bin/../lib/gcc/arm-none-eabi/12.2.0/../../../../arm-none-eabi/lib/libg.a(libc_a-fseeko.o)
                0x02016cbc                _fseeko_r
 .text._ftello_r
                0x02017270      0x1c0 /opt/devkitpro/devkitARM/bin/../lib/gcc/arm-none-eabi/12.2.0/../../../../arm-none-eabi/lib/libg.a(libc_a-ftello.o)
                0x02017270                _ftello_r
 .text.memcmp   0x02017430       0xbc /opt/devkitpro/devkitARM/bin/../lib/gcc/arm-none-eabi/12.2.0/../../../../arm-none-eabi/lib/libg.a(libc_a-memcmp.o)
                0x02017430                memcmp
 .text.memmove  0x020174ec      0x154 /opt/devkitpro/devkitARM/bin/../lib/gcc/arm-none-eabi/12.2.0/../../../../arm-none-eabi/lib/libg.a(libc_a-memmove.o)
                0x020174ec                memmove
 .text.memset   0x02017640       0xfc /opt/devkitpro/devkitARM/bin/../lib/gcc/arm-none-eabi/12.2.0/../../../../arm-none-eabi/lib/libg.a(libc_a-memset.o)
                0x02017640                memset
 .text.strcasecmp
                0x0201773c       0x70 /opt/devkitpro/devkitARM/bin/../lib/gcc/arm-none-eabi/12.2.0/../../../../arm-none-eabi/lib/libg.a(libc_a-strcasecmp.o)
                0x0201773c                strcasecmp
 .text.strchr   0x020177ac      0x13c /opt/devkitpro/devkitARM/bin/../lib/gcc/arm-none-eabi/12.2.0/../../../../arm-none-eabi/lib/libg.a(libc_a-strchr.o)
                0x020177ac                strchr
 .text.strdup   0x020178e8       0x1c /opt/devkitpro/devkitARM/bin/../lib/gcc/arm-none-eabi/12.2.0/../../../../arm-none-eabi/lib/libg.a(libc_a-strdup.o)
                0x020178e8                strdup
 .text._strdup_r
                0x02017904       0x44 /opt/devkitpro/devkitARM/bin/../lib/gcc/arm-none-eabi/12.2.0/../../../../arm-none-eabi/lib/libg.a(libc_a-strdup_r.o)
                0x02017904                _strdup_r
 .text.strlen   0x02017948       0x94 /opt/devkitpro/devkitARM/bin/../lib/gcc/arm-none-eabi/12.2.0/../../../../arm-none-eabi/lib/libg.a(libc_a-strlen.o)
                0x02017948                strlen
 .text.strncasecmp
                0x020179dc       0x8c /opt/devkitpro/devkitARM/bin/../lib/gcc/arm-none-eabi/12.2.0/../../../../arm-none-eabi/lib/libg.a(libc_a-strncasecmp.o)
                0x020179dc                strncasecmp
 .text.strncmp  0x02017a68       0xec /opt/devkitpro/devkitARM/bin/../lib/gcc/arm-none-eabi/12.2.0/../../../../arm-none-eabi/lib/libg.a(libc_a-strncmp.o)
                0x02017a68                strncmp
 .text.strncpy  0x02017b54       0xd0 /opt/devkitpro/devkitARM/bin/../lib/gcc/arm-none-eabi/12.2.0/../../../../arm-none-eabi/lib/libg.a(libc_a-strncpy.o)
                0x02017b54                strncpy
 .text.strnlen  0x02017c24       0x48 /opt/devkitpro/devkitARM/bin/../lib/gcc/arm-none-eabi/12.2.0/../../../../arm-none-eabi/lib/libg.a(libc_a-strnlen.o)
                0x02017c24                strnlen
 .text.strpbrk  0x02017c6c       0x7c /opt/devkitpro/devkitARM/bin/../lib/gcc/arm-none-eabi/12.2.0/../../../../arm-none-eabi/lib/libg.a(libc_a-strpbrk.o)
                0x02017c6c                strpbrk
 .text.strrchr  0x02017ce8       0x58 /opt/devkitpro/devkitARM/bin/../lib/gcc/arm-none-eabi/12.2.0/../../../../arm-none-eabi/lib/libg.a(libc_a-strrchr.o)
                0x02017ce8                strrchr
 .text.stpcpy   0x02017d40       0x74 /opt/devkitpro/devkitARM/bin/../lib/gcc/arm-none-eabi/12.2.0/../../../../arm-none-eabi/lib/libg.a(libc_a-stpcpy.o)
                0x02017d40                stpcpy
 .text.localtime_r
                0x02017db4      0x370 /opt/devkitpro/devkitARM/bin/../lib/gcc/arm-none-eabi/12.2.0/../../../../arm-none-eabi/lib/libg.a(libc_a-lcltime_r.o)
                0x02017db4                localtime_r
 .text.validate_structure
                0x02018124      0x2e0 /opt/devkitpro/devkitARM/bin/../lib/gcc/arm-none-eabi/12.2.0/../../../../arm-none-eabi/lib/libg.a(libc_a-mktime.o)
 .text.mktime   0x02018404      0x4c0 /opt/devkitpro/devkitARM/bin/../lib/gcc/arm-none-eabi/12.2.0/../../../../arm-none-eabi/lib/libg.a(libc_a-mktime.o)
                0x02018404                mktime
 .text.time     0x020188c4       0x50 /opt/devkitpro/devkitARM/bin/../lib/gcc/arm-none-eabi/12.2.0/../../../../arm-none-eabi/lib/libg.a(libc_a-time.o)
                0x020188c4                time
 .text.__tzcalc_limits
                0x02018914      0x254 /opt/devkitpro/devkitARM/bin/../lib/gcc/arm-none-eabi/12.2.0/../../../../arm-none-eabi/lib/libg.a(libc_a-tzcalc_limits.o)
                0x02018914                __tzcalc_limits
 .text.__tz_lock
                0x02018b68       0x18 /opt/devkitpro/devkitARM/bin/../lib/gcc/arm-none-eabi/12.2.0/../../../../arm-none-eabi/lib/libg.a(libc_a-tzlock.o)
                0x02018b68                __tz_lock
 .text.__tz_unlock
                0x02018b80       0x18 /opt/devkitpro/devkitARM/bin/../lib/gcc/arm-none-eabi/12.2.0/../../../../arm-none-eabi/lib/libg.a(libc_a-tzlock.o)
                0x02018b80                __tz_unlock
 .text._tzset_unlocked
                0x02018b98       0x14 /opt/devkitpro/devkitARM/bin/../lib/gcc/arm-none-eabi/12.2.0/../../../../arm-none-eabi/lib/libg.a(libc_a-tzset.o)
                0x02018b98                _tzset_unlocked
 .text._tzset_unlocked_r
                0x02018bac      0x688 /opt/devkitpro/devkitARM/bin/../lib/gcc/arm-none-eabi/12.2.0/../../../../arm-none-eabi/lib/libg.a(libc_a-tzset_r.o)
                0x02018bac                _tzset_unlocked_r
 .text.__locale_mb_cur_max
                0x02019234       0x28 /opt/devkitpro/devkitARM/bin/../lib/gcc/arm-none-eabi/12.2.0/../../../../arm-none-eabi/lib/libg.a(libc_a-locale.o)
                0x02019234                __locale_mb_cur_max
 .text._localeconv_r
                0x0201925c       0x28 /opt/devkitpro/devkitARM/bin/../lib/gcc/arm-none-eabi/12.2.0/../../../../arm-none-eabi/lib/libg.a(libc_a-localeconv.o)
                0x0201925c                _localeconv_r
 .text.__errno  0x02019284       0x10 /opt/devkitpro/devkitARM/bin/../lib/gcc/arm-none-eabi/12.2.0/../../../../arm-none-eabi/lib/libg.a(libc_a-errno.o)
                0x02019284                __errno
 .text.__libc_init_array
                0x02019294       0x90 /opt/devkitpro/devkitARM/bin/../lib/gcc/arm-none-eabi/12.2.0/../../../../arm-none-eabi/lib/libg.a(libc_a-init.o)
                0x02019294                __libc_init_array
 .text.lseek    0x02019324       0x3c /opt/devkitpro/devkitARM/bin/../lib/gcc/arm-none-eabi/12.2.0/../../../../arm-none-eabi/lib/libg.a(libc_a-syslseek.o)
                0x02019324                lseek
 .text.open     0x02019360       0x40 /opt/devkitpro/devkitARM/bin/../lib/gcc/arm-none-eabi/12.2.0/../../../../arm-none-eabi/lib/libg.a(libc_a-sysopen.o)
                0x02019360                open
 .text.read     0x020193a0       0x2c /opt/devkitpro/devkitARM/bin/../lib/gcc/arm-none-eabi/12.2.0/../../../../arm-none-eabi/lib/libg.a(libc_a-sysread.o)
                0x020193a0                read
 .text.access   0x020193cc       0x54 /opt/devkitpro/devkitARM/bin/../lib/gcc/arm-none-eabi/12.2.0/../../../../arm-none-eabi/lib/libg.a(libc_a-access.o)
                0x020193cc                access
 .text.strcpy   0x02019420       0xf0 /opt/devkitpro/devkitARM/bin/../lib/gcc/arm-none-eabi/12.2.0/../../../../arm-none-eabi/lib/libg.a(libc_a-strcpy.o)
                0x02019420                strcpy
 .text.memchr   0x02019510       0xf4 /opt/devkitpro/devkitARM/bin/../lib/gcc/arm-none-eabi/12.2.0/../../../../arm-none-eabi/lib/libg.a(libc_a-memchr-stub.o)
                0x02019510                memchr
 .text.memcpy   0x02019604      0x114 /opt/devkitpro/devkitARM/bin/../lib/gcc/arm-none-eabi/12.2.0/../../../../arm-none-eabi/lib/libg.a(libc_a-memcpy-stub.o)
                0x02019604                memcpy
 .text.div      0x02019718       0x2c /opt/devkitpro/devkitARM/bin/../lib/gcc/arm-none-eabi/12.2.0/../../../../arm-none-eabi/lib/libg.a(libc_a-div.o)
                0x02019718                div
 .text._malloc_trim_r
                0x02019744      0x100 /opt/devkitpro/devkitARM/bin/../lib/gcc/arm-none-eabi/12.2.0/../../../../arm-none-eabi/lib/libg.a(libc_a-freer.o)
                0x02019744                _malloc_trim_r
 .text._free_r  0x02019844      0x2e8 /opt/devkitpro/devkitARM/bin/../lib/gcc/arm-none-eabi/12.2.0/../../../../arm-none-eabi/lib/libg.a(libc_a-freer.o)
                0x02019844                _free_r
 .text._findenv_r
                0x02019b2c       0xd0 /opt/devkitpro/devkitARM/bin/../lib/gcc/arm-none-eabi/12.2.0/../../../../arm-none-eabi/lib/libg.a(libc_a-getenv_r.o)
                0x02019b2c                _findenv_r
 .text._getenv_r
                0x02019bfc       0x1c /opt/devkitpro/devkitARM/bin/../lib/gcc/arm-none-eabi/12.2.0/../../../../arm-none-eabi/lib/libg.a(libc_a-getenv_r.o)
                0x02019bfc                _getenv_r
 .text.__utf8_mbtowc
                0x02019c18      0x308 /opt/devkitpro/devkitARM/bin/../lib/gcc/arm-none-eabi/12.2.0/../../../../arm-none-eabi/lib/libg.a(libc_a-mbtowc_r.o)
                0x02019c18                __utf8_mbtowc
 .text._strtol_l.part.0
                0x02019f20      0x1a8 /opt/devkitpro/devkitARM/bin/../lib/gcc/arm-none-eabi/12.2.0/../../../../arm-none-eabi/lib/libg.a(libc_a-strtol.o)
 .text._strtol_r
                0x0201a0c8       0x64 /opt/devkitpro/devkitARM/bin/../lib/gcc/arm-none-eabi/12.2.0/../../../../arm-none-eabi/lib/libg.a(libc_a-strtol.o)
                0x0201a0c8                _strtol_r
 .text._strtoul_l.constprop.0
                0x0201a12c      0x1c8 /opt/devkitpro/devkitARM/bin/../lib/gcc/arm-none-eabi/12.2.0/../../../../arm-none-eabi/lib/libg.a(libc_a-strtoul.o)
 .text._strtoul_r
                0x0201a2f4       0x30 /opt/devkitpro/devkitARM/bin/../lib/gcc/arm-none-eabi/12.2.0/../../../../arm-none-eabi/lib/libg.a(libc_a-strtoul.o)
                0x0201a2f4                _strtoul_r
 .text.strtoul  0x0201a324       0x34 /opt/devkitpro/devkitARM/bin/../lib/gcc/arm-none-eabi/12.2.0/../../../../arm-none-eabi/lib/libg.a(libc_a-strtoul.o)
                0x0201a324                strtoul
 .text.__utf8_wctomb
                0x0201a358       0xf4 /opt/devkitpro/devkitARM/bin/../lib/gcc/arm-none-eabi/12.2.0/../../../../arm-none-eabi/lib/libg.a(libc_a-wctomb_r.o)
                0x0201a358                __utf8_wctomb
 .text._strtoll_l.constprop.0
                0x0201a44c      0x234 /opt/devkitpro/devkitARM/bin/../lib/gcc/arm-none-eabi/12.2.0/../../../../arm-none-eabi/lib/libg.a(libc_a-strtoll.o)
 .text._strtoll_r
                0x0201a680       0x30 /opt/devkitpro/devkitARM/bin/../lib/gcc/arm-none-eabi/12.2.0/../../../../arm-none-eabi/lib/libg.a(libc_a-strtoll.o)
                0x0201a680                _strtoll_r
 .text._strtoull_l.constprop.0
                0x0201a6b0      0x248 /opt/devkitpro/devkitARM/bin/../lib/gcc/arm-none-eabi/12.2.0/../../../../arm-none-eabi/lib/libg.a(libc_a-strtoull.o)
 .text._strtoull_r
                0x0201a8f8       0x30 /opt/devkitpro/devkitARM/bin/../lib/gcc/arm-none-eabi/12.2.0/../../../../arm-none-eabi/lib/libg.a(libc_a-strtoull.o)
                0x0201a8f8                _strtoull_r
 .text.memalign
                0x0201a928       0x24 /opt/devkitpro/devkitARM/bin/../lib/gcc/arm-none-eabi/12.2.0/../../../../arm-none-eabi/lib/libg.a(libc_a-malign.o)
                0x0201a928                memalign
 .text._memalign_r
                0x0201a94c      0x160 /opt/devkitpro/devkitARM/bin/../lib/gcc/arm-none-eabi/12.2.0/../../../../arm-none-eabi/lib/libg.a(libc_a-malignr.o)
                0x0201a94c                _memalign_r
 .text._mbsnrtowcs_r
                0x0201aaac      0x104 /opt/devkitpro/devkitARM/bin/../lib/gcc/arm-none-eabi/12.2.0/../../../../arm-none-eabi/lib/libg.a(libc_a-mbsnrtowcs.o)
                0x0201aaac                _mbsnrtowcs_r
 .text._wcsrtombs_r
                0x0201abb0       0x2c /opt/devkitpro/devkitARM/bin/../lib/gcc/arm-none-eabi/12.2.0/../../../../arm-none-eabi/lib/libg.a(libc_a-wcsrtombs.o)
                0x0201abb0                _wcsrtombs_r
 .text.iswspace
                0x0201abdc       0x14 /opt/devkitpro/devkitARM/bin/../lib/gcc/arm-none-eabi/12.2.0/../../../../arm-none-eabi/lib/libg.a(libc_a-iswspace.o)
                0x0201abdc                iswspace
 .text.iswspace_l
                0x0201abf0       0x40 /opt/devkitpro/devkitARM/bin/../lib/gcc/arm-none-eabi/12.2.0/../../../../arm-none-eabi/lib/libg.a(libc_a-iswspace_l.o)
                0x0201abf0                iswspace_l
 .text.towctrans
                0x0201ac30       0x48 /opt/devkitpro/devkitARM/bin/../lib/gcc/arm-none-eabi/12.2.0/../../../../arm-none-eabi/lib/libg.a(libc_a-towctrans.o)
                0x0201ac30                towctrans
 .text.towctrans_l
                0x0201ac78      0x23c /opt/devkitpro/devkitARM/bin/../lib/gcc/arm-none-eabi/12.2.0/../../../../arm-none-eabi/lib/libg.a(libc_a-towctrans_l.o)
                0x0201ac78                towctrans_l
 .text.__ssprint_r
                0x0201aeb4      0x18c /opt/devkitpro/devkitARM/bin/../lib/gcc/arm-none-eabi/12.2.0/../../../../arm-none-eabi/lib/libg.a(libc_a-svfiprintf.o)
                0x0201aeb4                __ssprint_r
 .text.get_arg  0x0201b040      0x684 /opt/devkitpro/devkitARM/bin/../lib/gcc/arm-none-eabi/12.2.0/../../../../arm-none-eabi/lib/libg.a(libc_a-svfprintf.o)
 .text._svfprintf_r
                0x0201b6c4     0x3640 /opt/devkitpro/devkitARM/bin/../lib/gcc/arm-none-eabi/12.2.0/../../../../arm-none-eabi/lib/libg.a(libc_a-svfprintf.o)
                0x0201b6c4                _svfprintf_r
 .text.__sflags
                0x0201ed04       0xd0 /opt/devkitpro/devkitARM/bin/../lib/gcc/arm-none-eabi/12.2.0/../../../../arm-none-eabi/lib/libg.a(libc_a-flags.o)
                0x0201ed04                __sflags
 .text.__gettzinfo
                0x0201edd4        0xc /opt/devkitpro/devkitARM/bin/../lib/gcc/arm-none-eabi/12.2.0/../../../../arm-none-eabi/lib/libg.a(libc_a-gettzinfo.o)
                0x0201edd4                __gettzinfo
 .text.gmtime_r
                0x0201ede0      0x26c /opt/devkitpro/devkitARM/bin/../lib/gcc/arm-none-eabi/12.2.0/../../../../arm-none-eabi/lib/libg.a(libc_a-gmtime_r.o)
                0x0201ede0                gmtime_r
 .text.stat     0x0201f04c       0x24 /opt/devkitpro/devkitARM/bin/../lib/gcc/arm-none-eabi/12.2.0/../../../../arm-none-eabi/lib/libg.a(libc_a-sysstat.o)
                0x0201f04c                stat
 .text.frexp    0x0201f070       0xa4 /opt/devkitpro/devkitARM/bin/../lib/gcc/arm-none-eabi/12.2.0/../../../../arm-none-eabi/lib/libg.a(libm_a-s_frexp.o)
                0x0201f070                frexp
 .text.quorem   0x0201f114      0x1d0 /opt/devkitpro/devkitARM/bin/../lib/gcc/arm-none-eabi/12.2.0/../../../../arm-none-eabi/lib/libg.a(libc_a-dtoa.o)
 *fill*         0x0201f2e4        0x4 ff
 .text._dtoa_r  0x0201f2e8     0x1658 /opt/devkitpro/devkitARM/bin/../lib/gcc/arm-none-eabi/12.2.0/../../../../arm-none-eabi/lib/libg.a(libc_a-dtoa.o)
                0x0201f2e8                _dtoa_r
 .text.__env_lock
                0x02020940       0x18 /opt/devkitpro/devkitARM/bin/../lib/gcc/arm-none-eabi/12.2.0/../../../../arm-none-eabi/lib/libg.a(libc_a-envlock.o)
                0x02020940                __env_lock
 .text.__env_unlock
                0x02020958       0x18 /opt/devkitpro/devkitARM/bin/../lib/gcc/arm-none-eabi/12.2.0/../../../../arm-none-eabi/lib/libg.a(libc_a-envlock.o)
                0x02020958                __env_unlock
 .text._Balloc  0x02020970       0x8c /opt/devkitpro/devkitARM/bin/../lib/gcc/arm-none-eabi/12.2.0/../../../../arm-none-eabi/lib/libg.a(libc_a-mprec.o)
                0x02020970                _Balloc
 .text._Bfree   0x020209fc       0x1c /opt/devkitpro/devkitARM/bin/../lib/gcc/arm-none-eabi/12.2.0/../../../../arm-none-eabi/lib/libg.a(libc_a-mprec.o)
                0x020209fc                _Bfree
 .text.__multadd
                0x02020a18      0x100 /opt/devkitpro/devkitARM/bin/../lib/gcc/arm-none-eabi/12.2.0/../../../../arm-none-eabi/lib/libg.a(libc_a-mprec.o)
                0x02020a18                __multadd
 .text.__hi0bits
                0x02020b18       0x60 /opt/devkitpro/devkitARM/bin/../lib/gcc/arm-none-eabi/12.2.0/../../../../arm-none-eabi/lib/libg.a(libc_a-mprec.o)
                0x02020b18                __hi0bits
 .text.__lo0bits
                0x02020b78       0xa0 /opt/devkitpro/devkitARM/bin/../lib/gcc/arm-none-eabi/12.2.0/../../../../arm-none-eabi/lib/libg.a(libc_a-mprec.o)
                0x02020b78                __lo0bits
 .text.__i2b    0x02020c18       0xac /opt/devkitpro/devkitARM/bin/../lib/gcc/arm-none-eabi/12.2.0/../../../../arm-none-eabi/lib/libg.a(libc_a-mprec.o)
                0x02020c18                __i2b
 .text.__multiply
                0x02020cc4      0x218 /opt/devkitpro/devkitARM/bin/../lib/gcc/arm-none-eabi/12.2.0/../../../../arm-none-eabi/lib/libg.a(libc_a-mprec.o)
                0x02020cc4                __multiply
 .text.__pow5mult
                0x02020edc      0x12c /opt/devkitpro/devkitARM/bin/../lib/gcc/arm-none-eabi/12.2.0/../../../../arm-none-eabi/lib/libg.a(libc_a-mprec.o)
                0x02020edc                __pow5mult
 .text.__lshift
                0x02021008      0x144 /opt/devkitpro/devkitARM/bin/../lib/gcc/arm-none-eabi/12.2.0/../../../../arm-none-eabi/lib/libg.a(libc_a-mprec.o)
                0x02021008                __lshift
 .text.__mcmp   0x0202114c       0x54 /opt/devkitpro/devkitARM/bin/../lib/gcc/arm-none-eabi/12.2.0/../../../../arm-none-eabi/lib/libg.a(libc_a-mprec.o)
                0x0202114c                __mcmp
 .text.__mdiff  0x020211a0      0x208 /opt/devkitpro/devkitARM/bin/../lib/gcc/arm-none-eabi/12.2.0/../../../../arm-none-eabi/lib/libg.a(libc_a-mprec.o)
                0x020211a0                __mdiff
 .text.__d2b    0x020213a8      0x128 /opt/devkitpro/devkitARM/bin/../lib/gcc/arm-none-eabi/12.2.0/../../../../arm-none-eabi/lib/libg.a(libc_a-mprec.o)
                0x020213a8                __d2b
 .text._wcsnrtombs_l
                0x020214d0      0x198 /opt/devkitpro/devkitARM/bin/../lib/gcc/arm-none-eabi/12.2.0/../../../../arm-none-eabi/lib/libg.a(libc_a-wcsnrtombs.o)
                0x020214d0                _wcsnrtombs_l
 .text._wcsnrtombs_r
                0x02021668       0x6c /opt/devkitpro/devkitARM/bin/../lib/gcc/arm-none-eabi/12.2.0/../../../../arm-none-eabi/lib/libg.a(libc_a-wcsnrtombs.o)
                0x02021668                _wcsnrtombs_r
 .text.category
                0x020216d4       0x94 /opt/devkitpro/devkitARM/bin/../lib/gcc/arm-none-eabi/12.2.0/../../../../arm-none-eabi/lib/libg.a(libc_a-categories.o)
                0x020216d4                category
 .text.__assert_func
                0x02021768       0x5c /opt/devkitpro/devkitARM/bin/../lib/gcc/arm-none-eabi/12.2.0/../../../../arm-none-eabi/lib/libg.a(libc_a-assert.o)
                0x02021768                __assert_func
 .text.fiprintf
                0x020217c4       0x3c /opt/devkitpro/devkitARM/bin/../lib/gcc/arm-none-eabi/12.2.0/../../../../arm-none-eabi/lib/libg.a(libc_a-fiprintf.o)
                0x020217c4                fiprintf
 .text.abort    0x02021800       0x14 /opt/devkitpro/devkitARM/bin/../lib/gcc/arm-none-eabi/12.2.0/../../../../arm-none-eabi/lib/libg.a(libc_a-abort.o)
                0x02021800                abort
 .text._raise_r
                0x02021814       0x94 /opt/devkitpro/devkitARM/bin/../lib/gcc/arm-none-eabi/12.2.0/../../../../arm-none-eabi/lib/libg.a(libc_a-signal.o)
                0x02021814                _raise_r
 .text.raise    0x020218a8       0x18 /opt/devkitpro/devkitARM/bin/../lib/gcc/arm-none-eabi/12.2.0/../../../../arm-none-eabi/lib/libg.a(libc_a-signal.o)
                0x020218a8                raise
 .text._exit    0x020218c0       0x20 /opt/devkitpro/devkitARM/bin/../lib/gcc/arm-none-eabi/12.2.0/../../../../arm-none-eabi/lib/libsysbase.a(libsysbase_libsysbase_a-_exit.o)
                0x020218c0                _exit
 .text.build_argv
                0x020218e0       0x90 /opt/devkitpro/devkitARM/bin/../lib/gcc/arm-none-eabi/12.2.0/../../../../arm-none-eabi/lib/libsysbase.a(libsysbase_libsysbase_a-build_argv.o)
                0x020218e0                build_argv
 .text._concatenate_path
                0x02021970      0x1c8 /opt/devkitpro/devkitARM/bin/../lib/gcc/arm-none-eabi/12.2.0/../../../../arm-none-eabi/lib/libsysbase.a(libsysbase_libsysbase_a-chdir.o)
                0x02021970                _concatenate_path
 .text.chdir    0x02021b38      0x148 /opt/devkitpro/devkitARM/bin/../lib/gcc/arm-none-eabi/12.2.0/../../../../arm-none-eabi/lib/libsysbase.a(libsysbase_libsysbase_a-chdir.o)
                0x02021b38                chdir
 .text.getcwd   0x02021c80       0x8c /opt/devkitpro/devkitARM/bin/../lib/gcc/arm-none-eabi/12.2.0/../../../../arm-none-eabi/lib/libsysbase.a(libsysbase_libsysbase_a-chdir.o)
                0x02021c80                getcwd
 .text._fstat_r
                0x02021d0c       0x7c /opt/devkitpro/devkitARM/bin/../lib/gcc/arm-none-eabi/12.2.0/../../../../arm-none-eabi/lib/libsysbase.a(libsysbase_libsysbase_a-fstat.o)
                0x02021d0c                _fstat_r
 .text._getpid_r
                0x02021d88       0x14 /opt/devkitpro/devkitARM/bin/../lib/gcc/arm-none-eabi/12.2.0/../../../../arm-none-eabi/lib/libsysbase.a(libsysbase_libsysbase_a-getpid.o)
                0x02021d88                _getpid_r
 .text.__getreent
                0x02021d9c       0x30 /opt/devkitpro/devkitARM/bin/../lib/gcc/arm-none-eabi/12.2.0/../../../../arm-none-eabi/lib/libsysbase.a(libsysbase_libsysbase_a-getreent.o)
                0x02021d9c                __getreent
 .text._gettimeofday_r
                0x02021dcc       0x34 /opt/devkitpro/devkitARM/bin/../lib/gcc/arm-none-eabi/12.2.0/../../../../arm-none-eabi/lib/libsysbase.a(libsysbase_libsysbase_a-gettod.o)
                0x02021dcc                _gettimeofday_r
 .text.__release_handle
                0x02021e00       0x90 /opt/devkitpro/devkitARM/bin/../lib/gcc/arm-none-eabi/12.2.0/../../../../arm-none-eabi/lib/libsysbase.a(libsysbase_libsysbase_a-handle_manager.o)
                0x02021e00                __release_handle
 .text.__alloc_handle
                0x02021e90       0xb4 /opt/devkitpro/devkitARM/bin/../lib/gcc/arm-none-eabi/12.2.0/../../../../arm-none-eabi/lib/libsysbase.a(libsysbase_libsysbase_a-handle_manager.o)
                0x02021e90                __alloc_handle
 .text.__get_handle
                0x02021f44       0x40 /opt/devkitpro/devkitARM/bin/../lib/gcc/arm-none-eabi/12.2.0/../../../../arm-none-eabi/lib/libsysbase.a(libsysbase_libsysbase_a-handle_manager.o)
                0x02021f44                __get_handle
 .text._close_r
                0x02021f84       0xfc /opt/devkitpro/devkitARM/bin/../lib/gcc/arm-none-eabi/12.2.0/../../../../arm-none-eabi/lib/libsysbase.a(libsysbase_libsysbase_a-handle_manager.o)
                0x02021f84                _close_r
 .text.null_write
                0x02022080        0x8 /opt/devkitpro/devkitARM/bin/../lib/gcc/arm-none-eabi/12.2.0/../../../../arm-none-eabi/lib/libsysbase.a(libsysbase_libsysbase_a-iosupport.o)
 .text.setDefaultDevice
                0x02022088       0x18 /opt/devkitpro/devkitARM/bin/../lib/gcc/arm-none-eabi/12.2.0/../../../../arm-none-eabi/lib/libsysbase.a(libsysbase_libsysbase_a-iosupport.o)
                0x02022088                setDefaultDevice
 .text.FindDevice
                0x020220a0       0xd4 /opt/devkitpro/devkitARM/bin/../lib/gcc/arm-none-eabi/12.2.0/../../../../arm-none-eabi/lib/libsysbase.a(libsysbase_libsysbase_a-iosupport.o)
                0x020220a0                FindDevice
 .text.AddDevice
                0x02022174       0xa4 /opt/devkitpro/devkitARM/bin/../lib/gcc/arm-none-eabi/12.2.0/../../../../arm-none-eabi/lib/libsysbase.a(libsysbase_libsysbase_a-iosupport.o)
                0x02022174                AddDevice
 .text.GetDeviceOpTab
                0x02022218       0x24 /opt/devkitpro/devkitARM/bin/../lib/gcc/arm-none-eabi/12.2.0/../../../../arm-none-eabi/lib/libsysbase.a(libsysbase_libsysbase_a-iosupport.o)
                0x02022218                GetDeviceOpTab
 .text._isatty_r
                0x0202223c        0x8 /opt/devkitpro/devkitARM/bin/../lib/gcc/arm-none-eabi/12.2.0/../../../../arm-none-eabi/lib/libsysbase.a(libsysbase_libsysbase_a-isatty.o)
                0x0202223c                _isatty_r
 .text._kill_r  0x02022244       0x14 /opt/devkitpro/devkitARM/bin/../lib/gcc/arm-none-eabi/12.2.0/../../../../arm-none-eabi/lib/libsysbase.a(libsysbase_libsysbase_a-kill.o)
                0x02022244                _kill_r
 .text._lseek_r
                0x02022258       0x88 /opt/devkitpro/devkitARM/bin/../lib/gcc/arm-none-eabi/12.2.0/../../../../arm-none-eabi/lib/libsysbase.a(libsysbase_libsysbase_a-lseek.o)
                0x02022258                _lseek_r
 .text._open_r  0x020222e0       0xc8 /opt/devkitpro/devkitARM/bin/../lib/gcc/arm-none-eabi/12.2.0/../../../../arm-none-eabi/lib/libsysbase.a(libsysbase_libsysbase_a-open.o)
                0x020222e0                _open_r
 .text._read_r  0x020223a8       0x84 /opt/devkitpro/devkitARM/bin/../lib/gcc/arm-none-eabi/12.2.0/../../../../arm-none-eabi/lib/libsysbase.a(libsysbase_libsysbase_a-read.o)
                0x020223a8                _read_r
 .text._sbrk_r  0x0202242c       0x7c /opt/devkitpro/devkitARM/bin/../lib/gcc/arm-none-eabi/12.2.0/../../../../arm-none-eabi/lib/libsysbase.a(libsysbase_libsysbase_a-sbrk.o)
                0x0202242c                _sbrk_r
 .text._stat_r  0x020224a8       0x70 /opt/devkitpro/devkitARM/bin/../lib/gcc/arm-none-eabi/12.2.0/../../../../arm-none-eabi/lib/libsysbase.a(libsysbase_libsysbase_a-stat.o)
                0x020224a8                _stat_r
 .text.__libc_lock_acquire
                0x02022518       0x20 /opt/devkitpro/devkitARM/bin/../lib/gcc/arm-none-eabi/12.2.0/../../../../arm-none-eabi/lib/libsysbase.a(libsysbase_libsysbase_a-syscall_support.o)
                0x02022518                __libc_lock_acquire
 .text.__libc_lock_release
                0x02022538       0x20 /opt/devkitpro/devkitARM/bin/../lib/gcc/arm-none-eabi/12.2.0/../../../../arm-none-eabi/lib/libsysbase.a(libsysbase_libsysbase_a-syscall_support.o)
                0x02022538                __libc_lock_release
 .text.__libc_lock_acquire_recursive
                0x02022558       0x20 /opt/devkitpro/devkitARM/bin/../lib/gcc/arm-none-eabi/12.2.0/../../../../arm-none-eabi/lib/libsysbase.a(libsysbase_libsysbase_a-syscall_support.o)
                0x02022558                __libc_lock_acquire_recursive
 .text.__libc_lock_release_recursive
                0x02022578       0x20 /opt/devkitpro/devkitARM/bin/../lib/gcc/arm-none-eabi/12.2.0/../../../../arm-none-eabi/lib/libsysbase.a(libsysbase_libsysbase_a-syscall_support.o)
                0x02022578                __libc_lock_release_recursive
 .text._write_r
                0x02022598       0x84 /opt/devkitpro/devkitARM/bin/../lib/gcc/arm-none-eabi/12.2.0/../../../../arm-none-eabi/lib/libsysbase.a(libsysbase_libsysbase_a-write.o)
                0x02022598                _write_r
 *fill*         0x0202261c        0x4 ff
 .text._write_r.__stub
                0x02022620      0x29c linker stubs
 *(EXCLUDE_FILE(*.twl*) .gnu.warning)
 *(EXCLUDE_FILE(*.twl*) .gnu.linkonce.t*)
 *(.glue_7)
 .glue_7        0x020228f0        0x0 linker stubs
 *(.glue_7t)
 .glue_7t       0x020228f0        0x0 linker stubs
                0x020228f0                        . = ALIGN (0x4)

.vfp11_veneer   0x020228f0        0x0
 .vfp11_veneer  0x020228f0        0x0 linker stubs

.v4_bx          0x020228f0        0x0
 .v4_bx         0x020228f0        0x0 linker stubs

.iplt           0x020228f0        0x0
 .iplt          0x020228f0        0x0 /opt/devkitpro/devkitARM/bin/../lib/gcc/arm-none-eabi/12.2.0/../../../../arm-none-eabi/lib/ds_arm9_crt0.o

.fini           0x020228f0       0x18
 *(.fini)
 .fini          0x020228f0        0xc /opt/devkitpro/devkitARM/bin/../lib/gcc/arm-none-eabi/12.2.0/crti.o
                0x020228f0                _fini
 .fini          0x020228fc        0xc /opt/devkitpro/devkitARM/bin/../lib/gcc/arm-none-eabi/12.2.0/crtn.o
                0x02022908                        __text_end = .

.rodata         0x02022908     0x6760
 *(EXCLUDE_FILE(*.twl*) .rodata)
 .rodata        0x02022908       0x50 /opt/devkitpro/nflib/lib/libnflib.a(nf_basic.o)
 *all.rodata*(*)
 *(EXCLUDE_FILE(*.twl*) .roda)
 *(EXCLUDE_FILE(*.twl*) .rodata.*)
 .rodata.str1.4
                0x02022958       0x2f main.o
 *fill*         0x02022987        0x1 ff
 .rodata.str1.4
                0x02022988       0x27 /opt/devkitpro/nflib/lib/libnflib.a(nf_2d.o)
 *fill*         0x020229af        0x1 ff
 .rodata.str1.4
                0x020229b0      0x653 /opt/devkitpro/nflib/lib/libnflib.a(nf_basic.o)
                                0x667 (size before relaxing)
 *fill*         0x02023003        0x1 ff
 .rodata.str1.4
                0x02023004       0x64 /opt/devkitpro/nflib/lib/libnflib.a(nf_tiledbg.o)
                                 0x70 (size before relaxing)
 .rodata.nitroFSInit.str1.4
                0x02023068        0x8 /opt/devkitpro/libnds/lib/libfilesystem.a(nitrofs.o)
 .rodata.str1.4
                0x02023068        0xe /opt/devkitpro/libnds/lib/libfilesystem.a(nitrofs.o)
 *fill*         0x02023076        0x2 ff
 .rodata.fatMount.part.0.str1.4
                0x02023078        0x2 /opt/devkitpro/libnds/lib/libfat.a(libfat.o)
 *fill*         0x0202307a        0x2 ff
 .rodata.fatInit.str1.4
                0x0202307c        0x3 /opt/devkitpro/libnds/lib/libfat.a(libfat.o)
 *fill*         0x0202307f        0x1 ff
 .rodata.str1.4
                0x02023080        0x4 /opt/devkitpro/libnds/lib/libfat.a(libfat.o)
 .rodata.dotab_fat
                0x02023084       0x70 /opt/devkitpro/libnds/lib/libfat.a(libfat.o)
 .rodata.str1.4
                0x020230f4        0x3 /opt/devkitpro/libnds/lib/libfat.a(disc.o)
                                  0x8 (size before relaxing)
 *fill*         0x020230f7        0x1 ff
 .rodata._FAT_disc_interfaces
                0x020230f8       0x18 /opt/devkitpro/libnds/lib/libfat.a(disc.o)
                0x020230f8                _FAT_disc_interfaces
 .rodata._FAT_directory_entryFromPath.str1.4
                0x02023110        0x7 /opt/devkitpro/libnds/lib/libfat.a(directory.o)
 .rodata.ILLEGAL_ALIAS_CHARACTERS
                0x02023110       0x12 /opt/devkitpro/libnds/lib/libfat.a(directory.o)
 *fill*         0x02023122        0x2 ff
 .rodata.ILLEGAL_LFN_CHARACTERS
                0x02023124        0xa /opt/devkitpro/libnds/lib/libfat.a(directory.o)
 *fill*         0x0202312e        0x2 ff
 .rodata.LFN_offset_table
                0x02023130       0x34 /opt/devkitpro/libnds/lib/libfat.a(directory.o)
 .rodata.FAT_SIG
                0x02023164        0x3 /opt/devkitpro/libnds/lib/libfat.a(partition.o)
 *fill*         0x02023167        0x1 ff
 .rodata.FS_TWL_SIG
                0x02023168        0x8 /opt/devkitpro/libnds/lib/libfat.a(partition.o)
 .rodata.con_write.str1.4
                0x02023170       0x30 /opt/devkitpro/libnds/lib/libnds9.a(console.o)
 .rodata.con_write
                0x020231a0       0xd4 /opt/devkitpro/libnds/lib/libnds9.a(console.o)
 .rodata.str1.4
                0x02023274       0x14 /opt/devkitpro/libnds/lib/libnds9.a(console.o)
 .rodata.dotab_stdout
                0x02023288       0x70 /opt/devkitpro/libnds/lib/libnds9.a(console.o)
 .rodata.default_font_bin
                0x020232f8     0x2000 /opt/devkitpro/libnds/lib/libnds9.a(default_font.bin.o)
                0x020232f8                default_font_bin
                0x020252f8                default_font_bin_end
 .rodata.SIN_LUT
                0x020252f8      0x102 /opt/devkitpro/libnds/lib/libnds9.a(trig.o)
                0x020252f8                SIN_LUT
 .rodata._mbrtowc_r.str1.4
                0x020253fa       0x14 /opt/devkitpro/devkitARM/bin/../lib/gcc/arm-none-eabi/12.2.0/../../../../arm-none-eabi/lib/libg.a(libc_a-mbrtowc.o)
                                  0x1 (size before relaxing)
 *fill*         0x020253fa        0x2 ff
 .rodata._ctype_
                0x020253fc      0x101 /opt/devkitpro/devkitARM/bin/../lib/gcc/arm-none-eabi/12.2.0/../../../../arm-none-eabi/lib/libg.a(libc_a-ctype_.o)
                0x020253fc                _ctype_
 *fill*         0x020254fd        0x3 ff
 .rodata.basefix.0
                0x02025500       0x22 /opt/devkitpro/devkitARM/bin/../lib/gcc/arm-none-eabi/12.2.0/../../../../arm-none-eabi/lib/libg.a(libc_a-svfiscanf.o)
 .rodata._vfiprintf_r.str1.1
                0x02025522       0x29 /opt/devkitpro/devkitARM/bin/../lib/gcc/arm-none-eabi/12.2.0/../../../../arm-none-eabi/lib/libg.a(libc_a-vfiprintf.o)
 *fill*         0x0202554b        0x1 ff
 .rodata.zeroes.0
                0x0202554c       0x10 /opt/devkitpro/devkitARM/bin/../lib/gcc/arm-none-eabi/12.2.0/../../../../arm-none-eabi/lib/libg.a(libc_a-vfiprintf.o)
 .rodata.blanks.1
                0x0202555c       0x10 /opt/devkitpro/devkitARM/bin/../lib/gcc/arm-none-eabi/12.2.0/../../../../arm-none-eabi/lib/libg.a(libc_a-vfiprintf.o)
 .rodata._puts_r.str1.4
                0x0202556c       0x14 /opt/devkitpro/devkitARM/bin/../lib/gcc/arm-none-eabi/12.2.0/../../../../arm-none-eabi/lib/libg.a(libc_a-puts.o)
                                  0x2 (size before relaxing)
 .rodata._DAYS_BEFORE_MONTH
                0x0202556c       0x30 /opt/devkitpro/devkitARM/bin/../lib/gcc/arm-none-eabi/12.2.0/../../../../arm-none-eabi/lib/libg.a(libc_a-mktime.o)
 .rodata.DAYS_IN_MONTH
                0x0202559c       0x30 /opt/devkitpro/devkitARM/bin/../lib/gcc/arm-none-eabi/12.2.0/../../../../arm-none-eabi/lib/libg.a(libc_a-mktime.o)
 .rodata.__month_lengths
                0x020255cc       0x60 /opt/devkitpro/devkitARM/bin/../lib/gcc/arm-none-eabi/12.2.0/../../../../arm-none-eabi/lib/libg.a(libc_a-month_lengths.o)
                0x020255cc                __month_lengths
 .rodata._tzset_unlocked_r.str1.4
                0x0202562c       0x67 /opt/devkitpro/devkitARM/bin/../lib/gcc/arm-none-eabi/12.2.0/../../../../arm-none-eabi/lib/libg.a(libc_a-tzset_r.o)
                                 0x6b (size before relaxing)
 .rodata.str1.4
                0x02025693        0x4 /opt/devkitpro/devkitARM/bin/../lib/gcc/arm-none-eabi/12.2.0/../../../../arm-none-eabi/lib/libg.a(libc_a-tzvars.o)
 *fill*         0x02025693        0x1 ff
 .rodata.str1.4
                0x02025694       0x44 /opt/devkitpro/devkitARM/bin/../lib/gcc/arm-none-eabi/12.2.0/../../../../arm-none-eabi/lib/libg.a(libc_a-locale.o)
                                 0x4c (size before relaxing)
 .rodata.__action_table
                0x020256d8       0x6c /opt/devkitpro/devkitARM/bin/../lib/gcc/arm-none-eabi/12.2.0/../../../../arm-none-eabi/lib/libg.a(libc_a-svfiprintf.o)
                0x020256d8                __action_table
 .rodata.__state_table
                0x02025744       0x6c /opt/devkitpro/devkitARM/bin/../lib/gcc/arm-none-eabi/12.2.0/../../../../arm-none-eabi/lib/libg.a(libc_a-svfiprintf.o)
                0x02025744                __state_table
 .rodata.__chclass
                0x020257b0      0x100 /opt/devkitpro/devkitARM/bin/../lib/gcc/arm-none-eabi/12.2.0/../../../../arm-none-eabi/lib/libg.a(libc_a-svfiprintf.o)
                0x020257b0                __chclass
 .rodata._svfprintf_r.str1.1
                0x020258b0       0x12 /opt/devkitpro/devkitARM/bin/../lib/gcc/arm-none-eabi/12.2.0/../../../../arm-none-eabi/lib/libg.a(libc_a-svfprintf.o)
                                 0x3b (size before relaxing)
 *fill*         0x020258c2        0x2 ff
 .rodata.zeroes.0
                0x020258c4       0x10 /opt/devkitpro/devkitARM/bin/../lib/gcc/arm-none-eabi/12.2.0/../../../../arm-none-eabi/lib/libg.a(libc_a-svfprintf.o)
 .rodata.blanks.1
                0x020258d4       0x10 /opt/devkitpro/devkitARM/bin/../lib/gcc/arm-none-eabi/12.2.0/../../../../arm-none-eabi/lib/libg.a(libc_a-svfprintf.o)
 .rodata._dtoa_r.str1.4
                0x020258e4       0x64 /opt/devkitpro/devkitARM/bin/../lib/gcc/arm-none-eabi/12.2.0/../../../../arm-none-eabi/lib/libg.a(libc_a-dtoa.o)
 .rodata.__multadd.str1.4
                0x02025948       0x3d /opt/devkitpro/devkitARM/bin/../lib/gcc/arm-none-eabi/12.2.0/../../../../arm-none-eabi/lib/libg.a(libc_a-mprec.o)
                                 0x51 (size before relaxing)
 *fill*         0x02025985        0x3 ff
 .rodata.p05.0  0x02025988        0xc /opt/devkitpro/devkitARM/bin/../lib/gcc/arm-none-eabi/12.2.0/../../../../arm-none-eabi/lib/libg.a(libc_a-mprec.o)
 *fill*         0x02025994        0x4 ff
 .rodata.__mprec_bigtens
                0x02025998       0x28 /opt/devkitpro/devkitARM/bin/../lib/gcc/arm-none-eabi/12.2.0/../../../../arm-none-eabi/lib/libg.a(libc_a-mprec.o)
                0x02025998                __mprec_bigtens
 .rodata.__mprec_tens
                0x020259c0       0xc8 /opt/devkitpro/devkitARM/bin/../lib/gcc/arm-none-eabi/12.2.0/../../../../arm-none-eabi/lib/libg.a(libc_a-mprec.o)
                0x020259c0                __mprec_tens
 .rodata.categories
                0x02025a88     0x3528 /opt/devkitpro/devkitARM/bin/../lib/gcc/arm-none-eabi/12.2.0/../../../../arm-none-eabi/lib/libg.a(libc_a-categories.o)
 .rodata.__assert_func.str1.4
                0x02028fb0       0x3f /opt/devkitpro/devkitARM/bin/../lib/gcc/arm-none-eabi/12.2.0/../../../../arm-none-eabi/lib/libg.a(libc_a-assert.o)
                                 0x43 (size before relaxing)
 *fill*         0x02028fef        0x1 ff
 .rodata.AddDevice.str1.4
                0x02028ff0        0x8 /opt/devkitpro/devkitARM/bin/../lib/gcc/arm-none-eabi/12.2.0/../../../../arm-none-eabi/lib/libsysbase.a(libsysbase_libsysbase_a-iosupport.o)
 .rodata.dotab_stdnull
                0x02028ff8       0x70 /opt/devkitpro/devkitARM/bin/../lib/gcc/arm-none-eabi/12.2.0/../../../../arm-none-eabi/lib/libsysbase.a(libsysbase_libsysbase_a-iosupport.o)
                0x02028ff8                dotab_stdnull
 *(EXCLUDE_FILE(*.twl*) .gnu.linkonce.r*)
                0x02029068                        . = ALIGN (0x4)

.ARM.extab
 *(.ARM.extab* .gnu.linkonce.armextab.*)
                0x02029068                        __exidx_start = .

ARM.exidx
 *(.ARM.exidx* .gnu.linkonce.armexidx.*)
                0x02029068                        __exidx_end = .
                0x02029068                        . = ALIGN (0x4)
                0x02029068                        PROVIDE (__preinit_array_start = .)

.preinit_array
 *(.preinit_array)
                0x02029068                        PROVIDE (__preinit_array_end = .)
                0x02029068                        PROVIDE (__init_array_start = .)

.init_array     0x02029068        0x4
 *(SORT_BY_NAME(.init_array.*))
 *(.init_array)
 .init_array    0x02029068        0x4 /opt/devkitpro/devkitARM/bin/../lib/gcc/arm-none-eabi/12.2.0/crtbegin.o
                0x0202906c                        PROVIDE (__init_array_end = .)
                [!provide]                        PROVIDE (__fini_array_start = .)

.fini_array     0x0202906c        0x4
 *(.fini_array)
 .fini_array    0x0202906c        0x4 /opt/devkitpro/devkitARM/bin/../lib/gcc/arm-none-eabi/12.2.0/crtbegin.o
 *(SORT_BY_NAME(.fini_array.*))
                [!provide]                        PROVIDE (__fini_array_end = .)

.ctors          0x02029070        0x0
 *crtbegin.o(.ctors)
 *(EXCLUDE_FILE(*crtend.o) .ctors)
 *(SORT_BY_NAME(.ctors.*))
 *(.ctors)
                0x02029070                        . = ALIGN (0x4)

.dtors          0x02029070        0x0
 *crtbegin.o(.dtors)
 *(EXCLUDE_FILE(*crtend.o) .dtors)
 *(SORT_BY_NAME(.dtors.*))
 *(.dtors)
                0x02029070                        . = ALIGN (0x4)

.eh_frame       0x02029070        0x4
 *(.eh_frame)
 .eh_frame      0x02029070        0x0 /opt/devkitpro/devkitARM/bin/../lib/gcc/arm-none-eabi/12.2.0/crtbegin.o
 .eh_frame      0x02029070        0x4 /opt/devkitpro/devkitARM/bin/../lib/gcc/arm-none-eabi/12.2.0/crtend.o
                0x02029074                        . = ALIGN (0x4)

.gcc_except_table
                0x02029074        0x0
 *(.gcc_except_table)
                0x02029074                        . = ALIGN (0x4)

.jcr
 *(.jcr)

.got
 *(.got.plt)
 *(.got)
 *(.rel.got)

.ewram          0x02029074        0x0
                0x02029074                        __ewram_start = ABSOLUTE (.)
 *(.ewram)
 *ewram.*(.text)
                0x02029074                        . = ALIGN (0x4)

.data           0x02029074     0x2524
                0x02029074                        __data_start = ABSOLUTE (.)
 *(EXCLUDE_FILE(*.twl*) .data)
 .data          0x02029074       0x28 /opt/devkitpro/libnds/lib/libnds9.a(mpu_setup.o)
 *(EXCLUDE_FILE(*.twl*) .data.*)
 .data.ndsFileFD
                0x0202909c        0x4 /opt/devkitpro/libnds/lib/libfilesystem.a(nitrofs.o)
 .data.nitroFSdevoptab
                0x020290a0       0x70 /opt/devkitpro/libnds/lib/libfilesystem.a(nitrofs.o)
                0x020290a0                nitroFSdevoptab
 .data.syspaths
                0x02029110        0x8 /opt/devkitpro/libnds/lib/libfilesystem.a(nitrofs.o)
                0x02029110                syspaths
 .data.currentConsole
                0x02029118        0x4 /opt/devkitpro/libnds/lib/libnds9.a(console.o)
                0x02029118                currentConsole
 .data.defaultConsole
                0x0202911c       0x5c /opt/devkitpro/libnds/lib/libnds9.a(console.o)
                0x0202911c                defaultConsole
 .data.firstConsoleInit.0
                0x02029178        0x1 /opt/devkitpro/libnds/lib/libnds9.a(console.o)
 *fill*         0x02029179        0x3 ff
 .data.oamMain  0x0202917c       0x18 /opt/devkitpro/libnds/lib/libnds9.a(sprite.o)
                0x0202917c                oamMain
 .data.oamSub   0x02029194       0x18 /opt/devkitpro/libnds/lib/libnds9.a(sprite.o)
                0x02029194                oamSub
 .data.count    0x020291ac        0x1 /opt/devkitpro/libnds/lib/libnds9.a(keys.o)
 .data.delay    0x020291ad        0x1 /opt/devkitpro/libnds/lib/libnds9.a(keys.o)
 .data.repeat   0x020291ae        0x1 /opt/devkitpro/libnds/lib/libnds9.a(keys.o)
 *fill*         0x020291af        0x1 ff
 .data.fifo_buffer_free
                0x020291b0        0x4 /opt/devkitpro/libnds/lib/libnds9.a(fifosystem.o)
                0x020291b0                fifo_buffer_free
 .data.fifo_freewords
                0x020291b4        0x4 /opt/devkitpro/libnds/lib/libnds9.a(fifosystem.o)
                0x020291b4                fifo_freewords
 .data.fifo_receive_queue
                0x020291b8        0x4 /opt/devkitpro/libnds/lib/libnds9.a(fifosystem.o)
                0x020291b8                fifo_receive_queue
 .data.fifo_send_queue
                0x020291bc        0x4 /opt/devkitpro/libnds/lib/libnds9.a(fifosystem.o)
                0x020291bc                fifo_send_queue
 .data.bgControl
                0x020291c0       0x20 /opt/devkitpro/libnds/lib/libnds9.a(background.o)
                0x020291c0                bgControl
 .data.bgScrollTable
                0x020291e0       0x20 /opt/devkitpro/libnds/lib/libnds9.a(background.o)
                0x020291e0                bgScrollTable
 .data.bgTransform
                0x02029200       0x20 /opt/devkitpro/libnds/lib/libnds9.a(background.o)
                0x02029200                bgTransform
 .data.__malloc_sbrk_base
                0x02029220        0x4 /opt/devkitpro/devkitARM/bin/../lib/gcc/arm-none-eabi/12.2.0/../../../../arm-none-eabi/lib/libg.a(libc_a-mallocr.o)
                0x02029220                __malloc_sbrk_base
 .data.__malloc_trim_threshold
                0x02029224        0x4 /opt/devkitpro/devkitARM/bin/../lib/gcc/arm-none-eabi/12.2.0/../../../../arm-none-eabi/lib/libg.a(libc_a-mallocr.o)
                0x02029224                __malloc_trim_threshold
 .data.__malloc_av_
                0x02029228      0x408 /opt/devkitpro/devkitARM/bin/../lib/gcc/arm-none-eabi/12.2.0/../../../../arm-none-eabi/lib/libg.a(libc_a-mallocr.o)
                0x02029228                __malloc_av_
 .data.__sglue  0x02029630        0xc /opt/devkitpro/devkitARM/bin/../lib/gcc/arm-none-eabi/12.2.0/../../../../arm-none-eabi/lib/libg.a(libc_a-findfp.o)
                0x02029630                __sglue
 .data._tzname  0x0202963c        0x8 /opt/devkitpro/devkitARM/bin/../lib/gcc/arm-none-eabi/12.2.0/../../../../arm-none-eabi/lib/libg.a(libc_a-tzvars.o)
                0x0202963c                _tzname
 .data.__global_locale
                0x02029644      0x16c /opt/devkitpro/devkitARM/bin/../lib/gcc/arm-none-eabi/12.2.0/../../../../arm-none-eabi/lib/libg.a(libc_a-locale.o)
                0x02029644                __global_locale
 .data._impure_ptr
                0x020297b0        0x4 /opt/devkitpro/devkitARM/bin/../lib/gcc/arm-none-eabi/12.2.0/../../../../arm-none-eabi/lib/libg.a(libc_a-impure.o)
                0x020297b0                _impure_ptr
 *fill*         0x020297b4        0x4 ff
 .data._impure_data
                0x020297b8      0x120 /opt/devkitpro/devkitARM/bin/../lib/gcc/arm-none-eabi/12.2.0/../../../../arm-none-eabi/lib/libg.a(libc_a-impure.o)
                0x020297b8                _impure_data
 .data.caseconv_table
                0x020298d8      0x7b0 /opt/devkitpro/devkitARM/bin/../lib/gcc/arm-none-eabi/12.2.0/../../../../arm-none-eabi/lib/libg.a(libc_a-towctrans_l.o)
 .data.tzinfo   0x0202a088       0x58 /opt/devkitpro/devkitARM/bin/../lib/gcc/arm-none-eabi/12.2.0/../../../../arm-none-eabi/lib/libg.a(libc_a-gettzinfo.o)
 .data.environ  0x0202a0e0        0x4 /opt/devkitpro/devkitARM/bin/../lib/gcc/arm-none-eabi/12.2.0/../../../../arm-none-eabi/lib/libg.a(libc_a-environ.o)
                0x0202a0e0                environ
 .data._current_working_directory
                0x0202a0e4      0x400 /opt/devkitpro/devkitARM/bin/../lib/gcc/arm-none-eabi/12.2.0/../../../../arm-none-eabi/lib/libsysbase.a(libsysbase_libsysbase_a-chdir.o)
 .data.handles  0x0202a4e4     0x1000 /opt/devkitpro/devkitARM/bin/../lib/gcc/arm-none-eabi/12.2.0/../../../../arm-none-eabi/lib/libsysbase.a(libsysbase_libsysbase_a-handle_manager.o)
 .data.__stderr_handle
                0x0202b4e4        0xc /opt/devkitpro/devkitARM/bin/../lib/gcc/arm-none-eabi/12.2.0/../../../../arm-none-eabi/lib/libsysbase.a(libsysbase_libsysbase_a-handle_manager.o)
 .data.__stdout_handle
                0x0202b4f0        0xc /opt/devkitpro/devkitARM/bin/../lib/gcc/arm-none-eabi/12.2.0/../../../../arm-none-eabi/lib/libsysbase.a(libsysbase_libsysbase_a-handle_manager.o)
 .data.__stdin_handle
                0x0202b4fc        0xc /opt/devkitpro/devkitARM/bin/../lib/gcc/arm-none-eabi/12.2.0/../../../../arm-none-eabi/lib/libsysbase.a(libsysbase_libsysbase_a-handle_manager.o)
 .data.devoptab_list
                0x0202b508       0x8c /opt/devkitpro/devkitARM/bin/../lib/gcc/arm-none-eabi/12.2.0/../../../../arm-none-eabi/lib/libsysbase.a(libsysbase_libsysbase_a-iosupport.o)
                0x0202b508                devoptab_list
 .data.defaultDevice
                0x0202b594        0x4 /opt/devkitpro/devkitARM/bin/../lib/gcc/arm-none-eabi/12.2.0/../../../../arm-none-eabi/lib/libsysbase.a(libsysbase_libsysbase_a-iosupport.o)
 *(EXCLUDE_FILE(*.twl*) .gnu.linkonce.d*)
                0x0202b598                        . = ALIGN (0x4)
                0x0202b598                        __data_end = ABSOLUTE (.)
                0x0202b598                        __bss_vma = .

.igot.plt       0x0202b598        0x0
 .igot.plt      0x0202b598        0x0 /opt/devkitpro/devkitARM/bin/../lib/gcc/arm-none-eabi/12.2.0/../../../../arm-none-eabi/lib/ds_arm9_crt0.o

.dtcm           0x02ff0000        0x0 load address 0x0202b598
                0x0202b598                        __dtcm_lma = LOADADDR (.dtcm)
                0x02ff0000                        __dtcm_start = ABSOLUTE (.)
 *(.dtcm)
 *(.dtcm.*)
                0x02ff0000                        . = ALIGN (0x4)
                0x02ff0000                        __dtcm_end = ABSOLUTE (.)

.itcm           0x01000100      0x194 load address 0x0202b598
                0x0202b598                        __itcm_lma = LOADADDR (.itcm)
                0x01000100                        __itcm_start = ABSOLUTE (.)
 *(.itcm)
 .itcm          0x01000100       0xc8 /opt/devkitpro/libnds/lib/libnds9.a(interrupts.o)
                0x01000100                irqTable